>>>> [1] add1 <<<<
Executing command 'blank' ...
Executing command 'add' ...
Executing command 'input/lion.png' ...
Executing command '255' ...
Executing command '255' ...
Executing command '255' ...
Executing command '0' ...
Executing command '0' ...
Executing command 'save' ...
=================================================================
==2110==ERROR: AddressSanitizer: requested allocation size 0xfffffffffffffffd (0x800 after adjustments for alignment, red zones etc.) exceeds maximum supported size of 0x10000000000 (thread T0)
    #0 0x1047beca8 in wrap_malloc+0x94 (libclang_rt.asan_osx_dynamic.dylib:arm64e+0x3eca8)
    #1 0x10432c594 in stbi_write_png_to_mem stb_image_write.h:1145
    #2 0x104335530 in stbi_write_png stb_image_write.h:1219
    #3 0x10433e908 in prog::saveToPNG(std::__1::basic_string<char, std::__1::char_traits<char>, std::__1::allocator<char>> const&, prog::Image const*) PNG.cpp:44
    #4 0x10430c6c8 in prog::Script::save() Script.cpp:74
    #5 0x104309e3c in prog::Script::run() Script.cpp:48
    #6 0x104306d30 in prog::TestDriver::test_script(std::__1::basic_string<char, std::__1::char_traits<char>, std::__1::allocator<char>> const&) test.cpp:43
    #7 0x1042f67cc in prog::TestDriver::run_test(std::__1::basic_string<char, std::__1::char_traits<char>, std::__1::allocator<char>> const&) test.cpp:79
    #8 0x1042ee088 in prog::TestDriver::test_scripts(std::__1::basic_string<char, std::__1::char_traits<char>, std::__1::allocator<char>> const&) test.cpp:165
    #9 0x1042ec4c0 in main test.cpp:186
    #10 0x18f3a7f24  (<unknown module>)

==2110==HINT: if you don't care about these errors you may set allocator_may_return_null=1
SUMMARY: AddressSanitizer: allocation-size-too-big (libclang_rt.asan_osx_dynamic.dylib:arm64e+0x3eca8) in wrap_malloc+0x94
==2110==ABORTING
>>>> [2] add2 <<<<
Executing command 'blank' ...
Executing command 'add' ...
Executing command 'input/lion.png' ...
Executing command '255' ...
Executing command '255' ...
Executing command '255' ...
Executing command '0' ...
Executing command '0' ...
Executing command 'add' ...
Executing command 'input/lion.png' ...
Executing command '255' ...
Executing command '255' ...
Executing command '255' ...
Executing command '0' ...
Executing command '400' ...
Executing command 'add' ...
Executing command 'input/mondrian.png' ...
Executing command '255' ...
Executing command '255' ...
Executing command '255' ...
Executing command '400' ...
Executing command '0' ...
Executing command 'add' ...
Executing command 'input/mondrian.png' ...
Executing command '255' ...
Executing command '255' ...
Executing command '255' ...
Executing command '400' ...
Executing command '400' ...
Executing command 'save' ...
=================================================================
==2113==ERROR: AddressSanitizer: requested allocation size 0xfffffffffffffffd (0x800 after adjustments for alignment, red zones etc.) exceeds maximum supported size of 0x10000000000 (thread T0)
    #0 0x1047beca8 in wrap_malloc+0x94 (libclang_rt.asan_osx_dynamic.dylib:arm64e+0x3eca8)
    #1 0x10432c594 in stbi_write_png_to_mem stb_image_write.h:1145
    #2 0x104335530 in stbi_write_png stb_image_write.h:1219
    #3 0x10433e908 in prog::saveToPNG(std::__1::basic_string<char, std::__1::char_traits<char>, std::__1::allocator<char>> const&, prog::Image const*) PNG.cpp:44
    #4 0x10430c6c8 in prog::Script::save() Script.cpp:74
    #5 0x104309e3c in prog::Script::run() Script.cpp:48
    #6 0x104306d30 in prog::TestDriver::test_script(std::__1::basic_string<char, std::__1::char_traits<char>, std::__1::allocator<char>> const&) test.cpp:43
    #7 0x1042f67cc in prog::TestDriver::run_test(std::__1::basic_string<char, std::__1::char_traits<char>, std::__1::allocator<char>> const&) test.cpp:79
    #8 0x1042ee088 in prog::TestDriver::test_scripts(std::__1::basic_string<char, std::__1::char_traits<char>, std::__1::allocator<char>> const&) test.cpp:165
    #9 0x1042ec4c0 in main test.cpp:186
    #10 0x18f3a7f24  (<unknown module>)

==2113==HINT: if you don't care about these errors you may set allocator_may_return_null=1
SUMMARY: AddressSanitizer: allocation-size-too-big (libclang_rt.asan_osx_dynamic.dylib:arm64e+0x3eca8) in wrap_malloc+0x94
==2113==ABORTING
>>>> [3] add3 <<<<
Executing command 'blank' ...
Executing command 'add' ...
Executing command 'input/mondrian.png' ...
Executing command '0' ...
Executing command '0' ...
Executing command '0' ...
Executing command '0' ...
Executing command '0' ...
Executing command 'add' ...
Executing command 'input/lion.png' ...
Executing command '255' ...
Executing command '255' ...
Executing command '255' ...
Executing command '0' ...
Executing command '400' ...
Executing command 'add' ...
Executing command 'input/mondrian.png' ...
Executing command '0' ...
Executing command '0' ...
Executing command '0' ...
Executing command '400' ...
Executing command '0' ...
Executing command 'add' ...
Executing command 'input/lion.png' ...
Executing command '255' ...
Executing command '255' ...
Executing command '255' ...
Executing command '400' ...
Executing command '400' ...
Executing command 'save' ...
=================================================================
==2115==ERROR: AddressSanitizer: requested allocation size 0xfffffffffffffffd (0x800 after adjustments for alignment, red zones etc.) exceeds maximum supported size of 0x10000000000 (thread T0)
    #0 0x1047beca8 in wrap_malloc+0x94 (libclang_rt.asan_osx_dynamic.dylib:arm64e+0x3eca8)
    #1 0x10432c594 in stbi_write_png_to_mem stb_image_write.h:1145
    #2 0x104335530 in stbi_write_png stb_image_write.h:1219
    #3 0x10433e908 in prog::saveToPNG(std::__1::basic_string<char, std::__1::char_traits<char>, std::__1::allocator<char>> const&, prog::Image const*) PNG.cpp:44
    #4 0x10430c6c8 in prog::Script::save() Script.cpp:74
    #5 0x104309e3c in prog::Script::run() Script.cpp:48
    #6 0x104306d30 in prog::TestDriver::test_script(std::__1::basic_string<char, std::__1::char_traits<char>, std::__1::allocator<char>> const&) test.cpp:43
    #7 0x1042f67cc in prog::TestDriver::run_test(std::__1::basic_string<char, std::__1::char_traits<char>, std::__1::allocator<char>> const&) test.cpp:79
    #8 0x1042ee088 in prog::TestDriver::test_scripts(std::__1::basic_string<char, std::__1::char_traits<char>, std::__1::allocator<char>> const&) test.cpp:165
    #9 0x1042ec4c0 in main test.cpp:186
    #10 0x18f3a7f24  (<unknown module>)

==2115==HINT: if you don't care about these errors you may set allocator_may_return_null=1
SUMMARY: AddressSanitizer: allocation-size-too-big (libclang_rt.asan_osx_dynamic.dylib:arm64e+0x3eca8) in wrap_malloc+0x94
==2115==ABORTING
>>>> [4] add4 <<<<
Executing command 'open' ...
Executing command 'add' ...
Executing command 'input/lion.png' ...
Executing command '255' ...
Executing command '255' ...
Executing command '255' ...
Executing command '1' ...
Executing command '50' ...
Executing command 'add' ...
Executing command 'input/lion.png' ...
Executing command '255' ...
Executing command '255' ...
Executing command '255' ...
Executing command '301' ...
Executing command '50' ...
Executing command 'add' ...
Executing command 'input/lion.png' ...
Executing command '255' ...
Executing command '255' ...
Executing command '255' ...
Executing command '601' ...
Executing command '100' ...
Executing command 'save' ...
=================================================================
==2117==ERROR: AddressSanitizer: requested allocation size 0xfffffffffffffffd (0x800 after adjustments for alignment, red zones etc.) exceeds maximum supported size of 0x10000000000 (thread T0)
    #0 0x1047beca8 in wrap_malloc+0x94 (libclang_rt.asan_osx_dynamic.dylib:arm64e+0x3eca8)
    #1 0x10432c594 in stbi_write_png_to_mem stb_image_write.h:1145
    #2 0x104335530 in stbi_write_png stb_image_write.h:1219
    #3 0x10433e908 in prog::saveToPNG(std::__1::basic_string<char, std::__1::char_traits<char>, std::__1::allocator<char>> const&, prog::Image const*) PNG.cpp:44
    #4 0x10430c6c8 in prog::Script::save() Script.cpp:74
    #5 0x104309e3c in prog::Script::run() Script.cpp:48
    #6 0x104306d30 in prog::TestDriver::test_script(std::__1::basic_string<char, std::__1::char_traits<char>, std::__1::allocator<char>> const&) test.cpp:43
    #7 0x1042f67cc in prog::TestDriver::run_test(std::__1::basic_string<char, std::__1::char_traits<char>, std::__1::allocator<char>> const&) test.cpp:79
    #8 0x1042ee088 in prog::TestDriver::test_scripts(std::__1::basic_string<char, std::__1::char_traits<char>, std::__1::allocator<char>> const&) test.cpp:165
    #9 0x1042ec4c0 in main test.cpp:186
    #10 0x18f3a7f24  (<unknown module>)

==2117==HINT: if you don't care about these errors you may set allocator_may_return_null=1
SUMMARY: AddressSanitizer: allocation-size-too-big (libclang_rt.asan_osx_dynamic.dylib:arm64e+0x3eca8) in wrap_malloc+0x94
==2117==ABORTING
>>>> [5] add5 <<<<
Executing command 'blank' ...
Executing command 'add' ...
Executing command 'input/fernando-pessoa.png' ...
Executing command '255' ...
Executing command '255' ...
Executing command '255' ...
Executing command '0' ...
Executing command '0' ...
Executing command 'add' ...
Executing command 'input/fernando-pessoa.png' ...
Executing command '255' ...
Executing command '255' ...
Executing command '255' ...
Executing command '300' ...
Executing command '125' ...
Executing command 'add' ...
Executing command 'input/fernando-pessoa.png' ...
Executing command '255' ...
Executing command '255' ...
Executing command '255' ...
Executing command '600' ...
Executing command '225' ...
Executing command 'save' ...
=================================================================
==2119==ERROR: AddressSanitizer: requested allocation size 0xfffffffffffffffd (0x800 after adjustments for alignment, red zones etc.) exceeds maximum supported size of 0x10000000000 (thread T0)
    #0 0x1047beca8 in wrap_malloc+0x94 (libclang_rt.asan_osx_dynamic.dylib:arm64e+0x3eca8)
    #1 0x10432c594 in stbi_write_png_to_mem stb_image_write.h:1145
    #2 0x104335530 in stbi_write_png stb_image_write.h:1219
    #3 0x10433e908 in prog::saveToPNG(std::__1::basic_string<char, std::__1::char_traits<char>, std::__1::allocator<char>> const&, prog::Image const*) PNG.cpp:44
    #4 0x10430c6c8 in prog::Script::save() Script.cpp:74
    #5 0x104309e3c in prog::Script::run() Script.cpp:48
    #6 0x104306d30 in prog::TestDriver::test_script(std::__1::basic_string<char, std::__1::char_traits<char>, std::__1::allocator<char>> const&) test.cpp:43
    #7 0x1042f67cc in prog::TestDriver::run_test(std::__1::basic_string<char, std::__1::char_traits<char>, std::__1::allocator<char>> const&) test.cpp:79
    #8 0x1042ee088 in prog::TestDriver::test_scripts(std::__1::basic_string<char, std::__1::char_traits<char>, std::__1::allocator<char>> const&) test.cpp:165
    #9 0x1042ec4c0 in main test.cpp:186
    #10 0x18f3a7f24  (<unknown module>)

==2119==HINT: if you don't care about these errors you may set allocator_may_return_null=1
SUMMARY: AddressSanitizer: allocation-size-too-big (libclang_rt.asan_osx_dynamic.dylib:arm64e+0x3eca8) in wrap_malloc+0x94
==2119==ABORTING
>>>> [6] basic_blank1 <<<<
Executing command 'blank' ...
Executing command 'save' ...
=================================================================
==2121==ERROR: AddressSanitizer: requested allocation size 0xfffffffffffffffd (0x800 after adjustments for alignment, red zones etc.) exceeds maximum supported size of 0x10000000000 (thread T0)
    #0 0x1047beca8 in wrap_malloc+0x94 (libclang_rt.asan_osx_dynamic.dylib:arm64e+0x3eca8)
    #1 0x10432c594 in stbi_write_png_to_mem stb_image_write.h:1145
    #2 0x104335530 in stbi_write_png stb_image_write.h:1219
    #3 0x10433e908 in prog::saveToPNG(std::__1::basic_string<char, std::__1::char_traits<char>, std::__1::allocator<char>> const&, prog::Image const*) PNG.cpp:44
    #4 0x10430c6c8 in prog::Script::save() Script.cpp:74
    #5 0x104309e3c in prog::Script::run() Script.cpp:48
    #6 0x104306d30 in prog::TestDriver::test_script(std::__1::basic_string<char, std::__1::char_traits<char>, std::__1::allocator<char>> const&) test.cpp:43
    #7 0x1042f67cc in prog::TestDriver::run_test(std::__1::basic_string<char, std::__1::char_traits<char>, std::__1::allocator<char>> const&) test.cpp:79
    #8 0x1042ee088 in prog::TestDriver::test_scripts(std::__1::basic_string<char, std::__1::char_traits<char>, std::__1::allocator<char>> const&) test.cpp:165
    #9 0x1042ec4c0 in main test.cpp:186
    #10 0x18f3a7f24  (<unknown module>)

==2121==HINT: if you don't care about these errors you may set allocator_may_return_null=1
SUMMARY: AddressSanitizer: allocation-size-too-big (libclang_rt.asan_osx_dynamic.dylib:arm64e+0x3eca8) in wrap_malloc+0x94
==2121==ABORTING
>>>> [7] basic_blank2 <<<<
Executing command 'blank' ...
Executing command 'save' ...
=================================================================
==2123==ERROR: AddressSanitizer: requested allocation size 0xfffffffffffffffd (0x800 after adjustments for alignment, red zones etc.) exceeds maximum supported size of 0x10000000000 (thread T0)
    #0 0x1047beca8 in wrap_malloc+0x94 (libclang_rt.asan_osx_dynamic.dylib:arm64e+0x3eca8)
    #1 0x10432c594 in stbi_write_png_to_mem stb_image_write.h:1145
    #2 0x104335530 in stbi_write_png stb_image_write.h:1219
    #3 0x10433e908 in prog::saveToPNG(std::__1::basic_string<char, std::__1::char_traits<char>, std::__1::allocator<char>> const&, prog::Image const*) PNG.cpp:44
    #4 0x10430c6c8 in prog::Script::save() Script.cpp:74
    #5 0x104309e3c in prog::Script::run() Script.cpp:48
    #6 0x104306d30 in prog::TestDriver::test_script(std::__1::basic_string<char, std::__1::char_traits<char>, std::__1::allocator<char>> const&) test.cpp:43
    #7 0x1042f67cc in prog::TestDriver::run_test(std::__1::basic_string<char, std::__1::char_traits<char>, std::__1::allocator<char>> const&) test.cpp:79
    #8 0x1042ee088 in prog::TestDriver::test_scripts(std::__1::basic_string<char, std::__1::char_traits<char>, std::__1::allocator<char>> const&) test.cpp:165
    #9 0x1042ec4c0 in main test.cpp:186
    #10 0x18f3a7f24  (<unknown module>)

==2123==HINT: if you don't care about these errors you may set allocator_may_return_null=1
SUMMARY: AddressSanitizer: allocation-size-too-big (libclang_rt.asan_osx_dynamic.dylib:arm64e+0x3eca8) in wrap_malloc+0x94
==2123==ABORTING
>>>> [8] basic_blank3 <<<<
Executing command 'blank' ...
Executing command 'blank' ...
Executing command 'save' ...
=================================================================
==2125==ERROR: AddressSanitizer: requested allocation size 0xfffffffffffffffd (0x800 after adjustments for alignment, red zones etc.) exceeds maximum supported size of 0x10000000000 (thread T0)
    #0 0x1047beca8 in wrap_malloc+0x94 (libclang_rt.asan_osx_dynamic.dylib:arm64e+0x3eca8)
    #1 0x10432c594 in stbi_write_png_to_mem stb_image_write.h:1145
    #2 0x104335530 in stbi_write_png stb_image_write.h:1219
    #3 0x10433e908 in prog::saveToPNG(std::__1::basic_string<char, std::__1::char_traits<char>, std::__1::allocator<char>> const&, prog::Image const*) PNG.cpp:44
    #4 0x10430c6c8 in prog::Script::save() Script.cpp:74
    #5 0x104309e3c in prog::Script::run() Script.cpp:48
    #6 0x104306d30 in prog::TestDriver::test_script(std::__1::basic_string<char, std::__1::char_traits<char>, std::__1::allocator<char>> const&) test.cpp:43
    #7 0x1042f67cc in prog::TestDriver::run_test(std::__1::basic_string<char, std::__1::char_traits<char>, std::__1::allocator<char>> const&) test.cpp:79
    #8 0x1042ee088 in prog::TestDriver::test_scripts(std::__1::basic_string<char, std::__1::char_traits<char>, std::__1::allocator<char>> const&) test.cpp:165
    #9 0x1042ec4c0 in main test.cpp:186
    #10 0x18f3a7f24  (<unknown module>)

==2125==HINT: if you don't care about these errors you may set allocator_may_return_null=1
SUMMARY: AddressSanitizer: allocation-size-too-big (libclang_rt.asan_osx_dynamic.dylib:arm64e+0x3eca8) in wrap_malloc+0x94
==2125==ABORTING
>>>> [9] basic_open1 <<<<
Executing command 'open' ...
Executing command 'save' ...
=================================================================
==2127==ERROR: AddressSanitizer: requested allocation size 0xfffffffffffffffd (0x800 after adjustments for alignment, red zones etc.) exceeds maximum supported size of 0x10000000000 (thread T0)
    #0 0x1047beca8 in wrap_malloc+0x94 (libclang_rt.asan_osx_dynamic.dylib:arm64e+0x3eca8)
    #1 0x10432c594 in stbi_write_png_to_mem stb_image_write.h:1145
    #2 0x104335530 in stbi_write_png stb_image_write.h:1219
    #3 0x10433e908 in prog::saveToPNG(std::__1::basic_string<char, std::__1::char_traits<char>, std::__1::allocator<char>> const&, prog::Image const*) PNG.cpp:44
    #4 0x10430c6c8 in prog::Script::save() Script.cpp:74
    #5 0x104309e3c in prog::Script::run() Script.cpp:48
    #6 0x104306d30 in prog::TestDriver::test_script(std::__1::basic_string<char, std::__1::char_traits<char>, std::__1::allocator<char>> const&) test.cpp:43
    #7 0x1042f67cc in prog::TestDriver::run_test(std::__1::basic_string<char, std::__1::char_traits<char>, std::__1::allocator<char>> const&) test.cpp:79
    #8 0x1042ee088 in prog::TestDriver::test_scripts(std::__1::basic_string<char, std::__1::char_traits<char>, std::__1::allocator<char>> const&) test.cpp:165
    #9 0x1042ec4c0 in main test.cpp:186
    #10 0x18f3a7f24  (<unknown module>)

==2127==HINT: if you don't care about these errors you may set allocator_may_return_null=1
SUMMARY: AddressSanitizer: allocation-size-too-big (libclang_rt.asan_osx_dynamic.dylib:arm64e+0x3eca8) in wrap_malloc+0x94
==2127==ABORTING
>>>> [10] basic_open2 <<<<
Executing command 'open' ...
Executing command 'open' ...
Executing command 'save' ...
=================================================================
==2129==ERROR: AddressSanitizer: requested allocation size 0xfffffffffffffffd (0x800 after adjustments for alignment, red zones etc.) exceeds maximum supported size of 0x10000000000 (thread T0)
    #0 0x1047beca8 in wrap_malloc+0x94 (libclang_rt.asan_osx_dynamic.dylib:arm64e+0x3eca8)
    #1 0x10432c594 in stbi_write_png_to_mem stb_image_write.h:1145
    #2 0x104335530 in stbi_write_png stb_image_write.h:1219
    #3 0x10433e908 in prog::saveToPNG(std::__1::basic_string<char, std::__1::char_traits<char>, std::__1::allocator<char>> const&, prog::Image const*) PNG.cpp:44
    #4 0x10430c6c8 in prog::Script::save() Script.cpp:74
    #5 0x104309e3c in prog::Script::run() Script.cpp:48
    #6 0x104306d30 in prog::TestDriver::test_script(std::__1::basic_string<char, std::__1::char_traits<char>, std::__1::allocator<char>> const&) test.cpp:43
    #7 0x1042f67cc in prog::TestDriver::run_test(std::__1::basic_string<char, std::__1::char_traits<char>, std::__1::allocator<char>> const&) test.cpp:79
    #8 0x1042ee088 in prog::TestDriver::test_scripts(std::__1::basic_string<char, std::__1::char_traits<char>, std::__1::allocator<char>> const&) test.cpp:165
    #9 0x1042ec4c0 in main test.cpp:186
    #10 0x18f3a7f24  (<unknown module>)

==2129==HINT: if you don't care about these errors you may set allocator_may_return_null=1
SUMMARY: AddressSanitizer: allocation-size-too-big (libclang_rt.asan_osx_dynamic.dylib:arm64e+0x3eca8) in wrap_malloc+0x94
==2129==ABORTING
>>>> [11] crop1 <<<<
Executing command 'open' ...
Executing command 'crop' ...
Executing command '0' ...
Executing command '0' ...
Executing command '300' ...
Executing command '300' ...
Executing command 'save' ...
=================================================================
==2131==ERROR: AddressSanitizer: requested allocation size 0xfffffffffffffffd (0x800 after adjustments for alignment, red zones etc.) exceeds maximum supported size of 0x10000000000 (thread T0)
    #0 0x1047beca8 in wrap_malloc+0x94 (libclang_rt.asan_osx_dynamic.dylib:arm64e+0x3eca8)
    #1 0x10432c594 in stbi_write_png_to_mem stb_image_write.h:1145
    #2 0x104335530 in stbi_write_png stb_image_write.h:1219
    #3 0x10433e908 in prog::saveToPNG(std::__1::basic_string<char, std::__1::char_traits<char>, std::__1::allocator<char>> const&, prog::Image const*) PNG.cpp:44
    #4 0x10430c6c8 in prog::Script::save() Script.cpp:74
    #5 0x104309e3c in prog::Script::run() Script.cpp:48
    #6 0x104306d30 in prog::TestDriver::test_script(std::__1::basic_string<char, std::__1::char_traits<char>, std::__1::allocator<char>> const&) test.cpp:43
    #7 0x1042f67cc in prog::TestDriver::run_test(std::__1::basic_string<char, std::__1::char_traits<char>, std::__1::allocator<char>> const&) test.cpp:79
    #8 0x1042ee088 in prog::TestDriver::test_scripts(std::__1::basic_string<char, std::__1::char_traits<char>, std::__1::allocator<char>> const&) test.cpp:165
    #9 0x1042ec4c0 in main test.cpp:186
    #10 0x18f3a7f24  (<unknown module>)

==2131==HINT: if you don't care about these errors you may set allocator_may_return_null=1
SUMMARY: AddressSanitizer: allocation-size-too-big (libclang_rt.asan_osx_dynamic.dylib:arm64e+0x3eca8) in wrap_malloc+0x94
==2131==ABORTING
>>>> [12] crop2 <<<<
Executing command 'open' ...
Executing command 'crop' ...
Executing command '299' ...
Executing command '0' ...
Executing command '100' ...
Executing command '150' ...
Executing command 'save' ...
=================================================================
==2133==ERROR: AddressSanitizer: requested allocation size 0xfffffffffffffffd (0x800 after adjustments for alignment, red zones etc.) exceeds maximum supported size of 0x10000000000 (thread T0)
    #0 0x1047beca8 in wrap_malloc+0x94 (libclang_rt.asan_osx_dynamic.dylib:arm64e+0x3eca8)
    #1 0x10432c594 in stbi_write_png_to_mem stb_image_write.h:1145
    #2 0x104335530 in stbi_write_png stb_image_write.h:1219
    #3 0x10433e908 in prog::saveToPNG(std::__1::basic_string<char, std::__1::char_traits<char>, std::__1::allocator<char>> const&, prog::Image const*) PNG.cpp:44
    #4 0x10430c6c8 in prog::Script::save() Script.cpp:74
    #5 0x104309e3c in prog::Script::run() Script.cpp:48
    #6 0x104306d30 in prog::TestDriver::test_script(std::__1::basic_string<char, std::__1::char_traits<char>, std::__1::allocator<char>> const&) test.cpp:43
    #7 0x1042f67cc in prog::TestDriver::run_test(std::__1::basic_string<char, std::__1::char_traits<char>, std::__1::allocator<char>> const&) test.cpp:79
    #8 0x1042ee088 in prog::TestDriver::test_scripts(std::__1::basic_string<char, std::__1::char_traits<char>, std::__1::allocator<char>> const&) test.cpp:165
    #9 0x1042ec4c0 in main test.cpp:186
    #10 0x18f3a7f24  (<unknown module>)

==2133==HINT: if you don't care about these errors you may set allocator_may_return_null=1
SUMMARY: AddressSanitizer: allocation-size-too-big (libclang_rt.asan_osx_dynamic.dylib:arm64e+0x3eca8) in wrap_malloc+0x94
==2133==ABORTING
>>>> [13] crop3 <<<<
Executing command 'open' ...
Executing command 'crop' ...
Executing command '0' ...
Executing command '0' ...
Executing command '300' ...
Executing command '300' ...
Executing command 'crop' ...
Executing command '50' ...
Executing command '50' ...
Executing command '100' ...
Executing command '100' ...
Executing command 'save' ...
=================================================================
==2135==ERROR: AddressSanitizer: requested allocation size 0xfffffffffffffffd (0x800 after adjustments for alignment, red zones etc.) exceeds maximum supported size of 0x10000000000 (thread T0)
    #0 0x1047beca8 in wrap_malloc+0x94 (libclang_rt.asan_osx_dynamic.dylib:arm64e+0x3eca8)
    #1 0x10432c594 in stbi_write_png_to_mem stb_image_write.h:1145
    #2 0x104335530 in stbi_write_png stb_image_write.h:1219
    #3 0x10433e908 in prog::saveToPNG(std::__1::basic_string<char, std::__1::char_traits<char>, std::__1::allocator<char>> const&, prog::Image const*) PNG.cpp:44
    #4 0x10430c6c8 in prog::Script::save() Script.cpp:74
    #5 0x104309e3c in prog::Script::run() Script.cpp:48
    #6 0x104306d30 in prog::TestDriver::test_script(std::__1::basic_string<char, std::__1::char_traits<char>, std::__1::allocator<char>> const&) test.cpp:43
    #7 0x1042f67cc in prog::TestDriver::run_test(std::__1::basic_string<char, std::__1::char_traits<char>, std::__1::allocator<char>> const&) test.cpp:79
    #8 0x1042ee088 in prog::TestDriver::test_scripts(std::__1::basic_string<char, std::__1::char_traits<char>, std::__1::allocator<char>> const&) test.cpp:165
    #9 0x1042ec4c0 in main test.cpp:186
    #10 0x18f3a7f24  (<unknown module>)

==2135==HINT: if you don't care about these errors you may set allocator_may_return_null=1
SUMMARY: AddressSanitizer: allocation-size-too-big (libclang_rt.asan_osx_dynamic.dylib:arm64e+0x3eca8) in wrap_malloc+0x94
==2135==ABORTING
>>>> [14] crop4 <<<<
Executing command 'open' ...
Executing command 'crop' ...
Executing command '300' ...
Executing command '300' ...
Executing command '300' ...
Executing command '300' ...
Executing command 'save' ...
=================================================================
==2137==ERROR: AddressSanitizer: requested allocation size 0xfffffffffffffffd (0x800 after adjustments for alignment, red zones etc.) exceeds maximum supported size of 0x10000000000 (thread T0)
    #0 0x1047beca8 in wrap_malloc+0x94 (libclang_rt.asan_osx_dynamic.dylib:arm64e+0x3eca8)
    #1 0x10432c594 in stbi_write_png_to_mem stb_image_write.h:1145
    #2 0x104335530 in stbi_write_png stb_image_write.h:1219
    #3 0x10433e908 in prog::saveToPNG(std::__1::basic_string<char, std::__1::char_traits<char>, std::__1::allocator<char>> const&, prog::Image const*) PNG.cpp:44
    #4 0x10430c6c8 in prog::Script::save() Script.cpp:74
    #5 0x104309e3c in prog::Script::run() Script.cpp:48
    #6 0x104306d30 in prog::TestDriver::test_script(std::__1::basic_string<char, std::__1::char_traits<char>, std::__1::allocator<char>> const&) test.cpp:43
    #7 0x1042f67cc in prog::TestDriver::run_test(std::__1::basic_string<char, std::__1::char_traits<char>, std::__1::allocator<char>> const&) test.cpp:79
    #8 0x1042ee088 in prog::TestDriver::test_scripts(std::__1::basic_string<char, std::__1::char_traits<char>, std::__1::allocator<char>> const&) test.cpp:165
    #9 0x1042ec4c0 in main test.cpp:186
    #10 0x18f3a7f24  (<unknown module>)

==2137==HINT: if you don't care about these errors you may set allocator_may_return_null=1
SUMMARY: AddressSanitizer: allocation-size-too-big (libclang_rt.asan_osx_dynamic.dylib:arm64e+0x3eca8) in wrap_malloc+0x94
==2137==ABORTING
>>>> [15] crop5 <<<<
Executing command 'open' ...
Executing command 'crop' ...
Executing command '0' ...
Executing command '0' ...
Executing command '500' ...
Executing command '500' ...
Executing command 'crop' ...
Executing command '50' ...
Executing command '50' ...
Executing command '400' ...
Executing command '400' ...
Executing command 'save' ...
=================================================================
==2139==ERROR: AddressSanitizer: requested allocation size 0xfffffffffffffffd (0x800 after adjustments for alignment, red zones etc.) exceeds maximum supported size of 0x10000000000 (thread T0)
    #0 0x1047beca8 in wrap_malloc+0x94 (libclang_rt.asan_osx_dynamic.dylib:arm64e+0x3eca8)
    #1 0x10432c594 in stbi_write_png_to_mem stb_image_write.h:1145
    #2 0x104335530 in stbi_write_png stb_image_write.h:1219
    #3 0x10433e908 in prog::saveToPNG(std::__1::basic_string<char, std::__1::char_traits<char>, std::__1::allocator<char>> const&, prog::Image const*) PNG.cpp:44
    #4 0x10430c6c8 in prog::Script::save() Script.cpp:74
    #5 0x104309e3c in prog::Script::run() Script.cpp:48
    #6 0x104306d30 in prog::TestDriver::test_script(std::__1::basic_string<char, std::__1::char_traits<char>, std::__1::allocator<char>> const&) test.cpp:43
    #7 0x1042f67cc in prog::TestDriver::run_test(std::__1::basic_string<char, std::__1::char_traits<char>, std::__1::allocator<char>> const&) test.cpp:79
    #8 0x1042ee088 in prog::TestDriver::test_scripts(std::__1::basic_string<char, std::__1::char_traits<char>, std::__1::allocator<char>> const&) test.cpp:165
    #9 0x1042ec4c0 in main test.cpp:186
    #10 0x18f3a7f24  (<unknown module>)

==2139==HINT: if you don't care about these errors you may set allocator_may_return_null=1
SUMMARY: AddressSanitizer: allocation-size-too-big (libclang_rt.asan_osx_dynamic.dylib:arm64e+0x3eca8) in wrap_malloc+0x94
==2139==ABORTING
>>>> [16] crop6 <<<<
Executing command 'open' ...
Executing command 'crop' ...
Executing command '0' ...
Executing command '0' ...
Executing command '500' ...
Executing command '500' ...
Executing command 'crop' ...
Executing command '10' ...
Executing command '10' ...
Executing command '400' ...
Executing command '400' ...
Executing command 'crop' ...
Executing command '300' ...
Executing command '300' ...
Executing command '100' ...
Executing command '100' ...
Executing command 'save' ...
=================================================================
==2142==ERROR: AddressSanitizer: requested allocation size 0xfffffffffffffffd (0x800 after adjustments for alignment, red zones etc.) exceeds maximum supported size of 0x10000000000 (thread T0)
    #0 0x1047beca8 in wrap_malloc+0x94 (libclang_rt.asan_osx_dynamic.dylib:arm64e+0x3eca8)
    #1 0x10432c594 in stbi_write_png_to_mem stb_image_write.h:1145
    #2 0x104335530 in stbi_write_png stb_image_write.h:1219
    #3 0x10433e908 in prog::saveToPNG(std::__1::basic_string<char, std::__1::char_traits<char>, std::__1::allocator<char>> const&, prog::Image const*) PNG.cpp:44
    #4 0x10430c6c8 in prog::Script::save() Script.cpp:74
    #5 0x104309e3c in prog::Script::run() Script.cpp:48
    #6 0x104306d30 in prog::TestDriver::test_script(std::__1::basic_string<char, std::__1::char_traits<char>, std::__1::allocator<char>> const&) test.cpp:43
    #7 0x1042f67cc in prog::TestDriver::run_test(std::__1::basic_string<char, std::__1::char_traits<char>, std::__1::allocator<char>> const&) test.cpp:79
    #8 0x1042ee088 in prog::TestDriver::test_scripts(std::__1::basic_string<char, std::__1::char_traits<char>, std::__1::allocator<char>> const&) test.cpp:165
    #9 0x1042ec4c0 in main test.cpp:186
    #10 0x18f3a7f24  (<unknown module>)

==2142==HINT: if you don't care about these errors you may set allocator_may_return_null=1
SUMMARY: AddressSanitizer: allocation-size-too-big (libclang_rt.asan_osx_dynamic.dylib:arm64e+0x3eca8) in wrap_malloc+0x94
==2142==ABORTING
>>>> [17] extra1 <<<<
Executing command 'blank' ...
Executing command 'add' ...
Executing command 'input/vu.png' ...
Executing command '255' ...
Executing command '255' ...
Executing command '255' ...
Executing command '0' ...
Executing command '0' ...
Executing command 'add' ...
Executing command 'input/vu2.png' ...
Executing command '255' ...
Executing command '255' ...
Executing command '255' ...
Executing command '600' ...
Executing command '0' ...
Executing command 'rotate_left' ...
Executing command 'rotate_right' ...
Executing command 'rotate_right' ...
Executing command 'rotate_right' ...
Executing command 'rotate_right' ...
Executing command 'rotate_right' ...
Executing command 'replace' ...
Executing command '255' ...
Executing command '255' ...
Executing command '255' ...
Executing command '0' ...
Executing command '0' ...
Executing command '0' ...
Executing command 'replace' ...
Executing command '0' ...
Executing command '0' ...
Executing command '0' ...
Executing command '255' ...
Executing command '255' ...
Executing command '255' ...
Executing command 'invert' ...
Executing command 'invert' ...
Executing command 'save' ...
=================================================================
==2144==ERROR: AddressSanitizer: requested allocation size 0xfffffffffffffffd (0x800 after adjustments for alignment, red zones etc.) exceeds maximum supported size of 0x10000000000 (thread T0)
    #0 0x1047beca8 in wrap_malloc+0x94 (libclang_rt.asan_osx_dynamic.dylib:arm64e+0x3eca8)
    #1 0x10432c594 in stbi_write_png_to_mem stb_image_write.h:1145
    #2 0x104335530 in stbi_write_png stb_image_write.h:1219
    #3 0x10433e908 in prog::saveToPNG(std::__1::basic_string<char, std::__1::char_traits<char>, std::__1::allocator<char>> const&, prog::Image const*) PNG.cpp:44
    #4 0x10430c6c8 in prog::Script::save() Script.cpp:74
    #5 0x104309e3c in prog::Script::run() Script.cpp:48
    #6 0x104306d30 in prog::TestDriver::test_script(std::__1::basic_string<char, std::__1::char_traits<char>, std::__1::allocator<char>> const&) test.cpp:43
    #7 0x1042f67cc in prog::TestDriver::run_test(std::__1::basic_string<char, std::__1::char_traits<char>, std::__1::allocator<char>> const&) test.cpp:79
    #8 0x1042ee088 in prog::TestDriver::test_scripts(std::__1::basic_string<char, std::__1::char_traits<char>, std::__1::allocator<char>> const&) test.cpp:165
    #9 0x1042ec4c0 in main test.cpp:186
    #10 0x18f3a7f24  (<unknown module>)

==2144==HINT: if you don't care about these errors you may set allocator_may_return_null=1
SUMMARY: AddressSanitizer: allocation-size-too-big (libclang_rt.asan_osx_dynamic.dylib:arm64e+0x3eca8) in wrap_malloc+0x94
==2144==ABORTING
>>>> [18] extra2 <<<<
Executing command 'blank' ...
Executing command 'add' ...
Executing command 'input/vu.png' ...
Executing command '255' ...
Executing command '255' ...
Executing command '255' ...
Executing command '0' ...
Executing command '0' ...
Executing command 'add' ...
Executing command 'input/vu2.png' ...
Executing command '255' ...
Executing command '255' ...
Executing command '255' ...
Executing command '600' ...
Executing command '0' ...
Executing command 'h_mirror' ...
Executing command 'v_mirror' ...
Executing command 'rotate_left' ...
Executing command 'rotate_right' ...
Executing command 'rotate_right' ...
Executing command 'to_gray_scale' ...
Executing command 'rotate_right' ...
Executing command 'rotate_right' ...
Executing command 'rotate_right' ...
Executing command 'replace' ...
Executing command '255' ...
Executing command '255' ...
Executing command '255' ...
Executing command '0' ...
Executing command '0' ...
Executing command '0' ...
Executing command 'replace' ...
Executing command '0' ...
Executing command '0' ...
Executing command '0' ...
Executing command '255' ...
Executing command '255' ...
Executing command '255' ...
Executing command 'invert' ...
Executing command 'v_mirror' ...
Executing command 'h_mirror' ...
Executing command 'invert' ...
Executing command 'save' ...
=================================================================
==2146==ERROR: AddressSanitizer: requested allocation size 0xfffffffffffffffd (0x800 after adjustments for alignment, red zones etc.) exceeds maximum supported size of 0x10000000000 (thread T0)
    #0 0x1047beca8 in wrap_malloc+0x94 (libclang_rt.asan_osx_dynamic.dylib:arm64e+0x3eca8)
    #1 0x10432c594 in stbi_write_png_to_mem stb_image_write.h:1145
    #2 0x104335530 in stbi_write_png stb_image_write.h:1219
    #3 0x10433e908 in prog::saveToPNG(std::__1::basic_string<char, std::__1::char_traits<char>, std::__1::allocator<char>> const&, prog::Image const*) PNG.cpp:44
    #4 0x10430c6c8 in prog::Script::save() Script.cpp:74
    #5 0x104309e3c in prog::Script::run() Script.cpp:48
    #6 0x104306d30 in prog::TestDriver::test_script(std::__1::basic_string<char, std::__1::char_traits<char>, std::__1::allocator<char>> const&) test.cpp:43
    #7 0x1042f67cc in prog::TestDriver::run_test(std::__1::basic_string<char, std::__1::char_traits<char>, std::__1::allocator<char>> const&) test.cpp:79
    #8 0x1042ee088 in prog::TestDriver::test_scripts(std::__1::basic_string<char, std::__1::char_traits<char>, std::__1::allocator<char>> const&) test.cpp:165
    #9 0x1042ec4c0 in main test.cpp:186
    #10 0x18f3a7f24  (<unknown module>)

==2146==HINT: if you don't care about these errors you may set allocator_may_return_null=1
SUMMARY: AddressSanitizer: allocation-size-too-big (libclang_rt.asan_osx_dynamic.dylib:arm64e+0x3eca8) in wrap_malloc+0x94
==2146==ABORTING
>>>> [19] extra3 <<<<
Executing command 'open' ...
Executing command 'invert' ...
Executing command 'rotate_left' ...
Executing command 'h_mirror' ...
Executing command 'save' ...
=================================================================
==2148==ERROR: AddressSanitizer: requested allocation size 0xfffffffffffffffd (0x800 after adjustments for alignment, red zones etc.) exceeds maximum supported size of 0x10000000000 (thread T0)
    #0 0x1047beca8 in wrap_malloc+0x94 (libclang_rt.asan_osx_dynamic.dylib:arm64e+0x3eca8)
    #1 0x10432c594 in stbi_write_png_to_mem stb_image_write.h:1145
    #2 0x104335530 in stbi_write_png stb_image_write.h:1219
    #3 0x10433e908 in prog::saveToPNG(std::__1::basic_string<char, std::__1::char_traits<char>, std::__1::allocator<char>> const&, prog::Image const*) PNG.cpp:44
    #4 0x10430c6c8 in prog::Script::save() Script.cpp:74
    #5 0x104309e3c in prog::Script::run() Script.cpp:48
    #6 0x104306d30 in prog::TestDriver::test_script(std::__1::basic_string<char, std::__1::char_traits<char>, std::__1::allocator<char>> const&) test.cpp:43
    #7 0x1042f67cc in prog::TestDriver::run_test(std::__1::basic_string<char, std::__1::char_traits<char>, std::__1::allocator<char>> const&) test.cpp:79
    #8 0x1042ee088 in prog::TestDriver::test_scripts(std::__1::basic_string<char, std::__1::char_traits<char>, std::__1::allocator<char>> const&) test.cpp:165
    #9 0x1042ec4c0 in main test.cpp:186
    #10 0x18f3a7f24  (<unknown module>)

==2148==HINT: if you don't care about these errors you may set allocator_may_return_null=1
SUMMARY: AddressSanitizer: allocation-size-too-big (libclang_rt.asan_osx_dynamic.dylib:arm64e+0x3eca8) in wrap_malloc+0x94
==2148==ABORTING
>>>> [20] extra4 <<<<
Executing command 'blank' ...
Executing command 'fill' ...
Executing command '0' ...
Executing command '0' ...
Executing command '250' ...
Executing command '380' ...
Executing command '255' ...
Executing command '0' ...
Executing command '0' ...
Executing command 'add' ...
Executing command 'input/lion.png' ...
Executing command '255' ...
Executing command '255' ...
Executing command '255' ...
Executing command '0' ...
Executing command '0' ...
Executing command 'fill' ...
Executing command '250' ...
Executing command '0' ...
Executing command '250' ...
Executing command '380' ...
Executing command '0' ...
Executing command '255' ...
Executing command '0' ...
Executing command 'add' ...
Executing command 'input/lion.png' ...
Executing command '255' ...
Executing command '255' ...
Executing command '255' ...
Executing command '250' ...
Executing command '0' ...
Executing command 'fill' ...
Executing command '500' ...
Executing command '0' ...
Executing command '250' ...
Executing command '380' ...
Executing command '0' ...
Executing command '0' ...
Executing command '255' ...
Executing command 'add' ...
Executing command 'input/lion.png' ...
Executing command '255' ...
Executing command '255' ...
Executing command '255' ...
Executing command '500' ...
Executing command '0' ...
Executing command 'save' ...
=================================================================
==2150==ERROR: AddressSanitizer: requested allocation size 0xfffffffffffffffd (0x800 after adjustments for alignment, red zones etc.) exceeds maximum supported size of 0x10000000000 (thread T0)
    #0 0x1047beca8 in wrap_malloc+0x94 (libclang_rt.asan_osx_dynamic.dylib:arm64e+0x3eca8)
    #1 0x10432c594 in stbi_write_png_to_mem stb_image_write.h:1145
    #2 0x104335530 in stbi_write_png stb_image_write.h:1219
    #3 0x10433e908 in prog::saveToPNG(std::__1::basic_string<char, std::__1::char_traits<char>, std::__1::allocator<char>> const&, prog::Image const*) PNG.cpp:44
    #4 0x10430c6c8 in prog::Script::save() Script.cpp:74
    #5 0x104309e3c in prog::Script::run() Script.cpp:48
    #6 0x104306d30 in prog::TestDriver::test_script(std::__1::basic_string<char, std::__1::char_traits<char>, std::__1::allocator<char>> const&) test.cpp:43
    #7 0x1042f67cc in prog::TestDriver::run_test(std::__1::basic_string<char, std::__1::char_traits<char>, std::__1::allocator<char>> const&) test.cpp:79
    #8 0x1042ee088 in prog::TestDriver::test_scripts(std::__1::basic_string<char, std::__1::char_traits<char>, std::__1::allocator<char>> const&) test.cpp:165
    #9 0x1042ec4c0 in main test.cpp:186
    #10 0x18f3a7f24  (<unknown module>)

==2150==HINT: if you don't care about these errors you may set allocator_may_return_null=1
SUMMARY: AddressSanitizer: allocation-size-too-big (libclang_rt.asan_osx_dynamic.dylib:arm64e+0x3eca8) in wrap_malloc+0x94
==2150==ABORTING
>>>> [21] fill1 <<<<
Executing command 'open' ...
Executing command 'fill' ...
Executing command '150' ...
Executing command '75' ...
Executing command '75' ...
Executing command '75' ...
Executing command '0' ...
Executing command '0' ...
Executing command '0' ...
Executing command 'save' ...
=================================================================
==2152==ERROR: AddressSanitizer: requested allocation size 0xfffffffffffffffd (0x800 after adjustments for alignment, red zones etc.) exceeds maximum supported size of 0x10000000000 (thread T0)
    #0 0x1047beca8 in wrap_malloc+0x94 (libclang_rt.asan_osx_dynamic.dylib:arm64e+0x3eca8)
    #1 0x10432c594 in stbi_write_png_to_mem stb_image_write.h:1145
    #2 0x104335530 in stbi_write_png stb_image_write.h:1219
    #3 0x10433e908 in prog::saveToPNG(std::__1::basic_string<char, std::__1::char_traits<char>, std::__1::allocator<char>> const&, prog::Image const*) PNG.cpp:44
    #4 0x10430c6c8 in prog::Script::save() Script.cpp:74
    #5 0x104309e3c in prog::Script::run() Script.cpp:48
    #6 0x104306d30 in prog::TestDriver::test_script(std::__1::basic_string<char, std::__1::char_traits<char>, std::__1::allocator<char>> const&) test.cpp:43
    #7 0x1042f67cc in prog::TestDriver::run_test(std::__1::basic_string<char, std::__1::char_traits<char>, std::__1::allocator<char>> const&) test.cpp:79
    #8 0x1042ee088 in prog::TestDriver::test_scripts(std::__1::basic_string<char, std::__1::char_traits<char>, std::__1::allocator<char>> const&) test.cpp:165
    #9 0x1042ec4c0 in main test.cpp:186
    #10 0x18f3a7f24  (<unknown module>)

==2152==HINT: if you don't care about these errors you may set allocator_may_return_null=1
SUMMARY: AddressSanitizer: allocation-size-too-big (libclang_rt.asan_osx_dynamic.dylib:arm64e+0x3eca8) in wrap_malloc+0x94
==2152==ABORTING
>>>> [22] fill2 <<<<
Executing command 'open' ...
Executing command 'fill' ...
Executing command '0' ...
Executing command '0' ...
Executing command '100' ...
Executing command '50' ...
Executing command '255' ...
Executing command '0' ...
Executing command '0' ...
Executing command 'fill' ...
Executing command '150' ...
Executing command '75' ...
Executing command '50' ...
Executing command '25' ...
Executing command '0' ...
Executing command '255' ...
Executing command '0' ...
Executing command 'fill' ...
Executing command '275' ...
Executing command '125' ...
Executing command '25' ...
Executing command '25' ...
Executing command '0' ...
Executing command '0' ...
Executing command '255' ...
Executing command 'save' ...
=================================================================
==2154==ERROR: AddressSanitizer: requested allocation size 0xfffffffffffffffd (0x800 after adjustments for alignment, red zones etc.) exceeds maximum supported size of 0x10000000000 (thread T0)
    #0 0x1047beca8 in wrap_malloc+0x94 (libclang_rt.asan_osx_dynamic.dylib:arm64e+0x3eca8)
    #1 0x10432c594 in stbi_write_png_to_mem stb_image_write.h:1145
    #2 0x104335530 in stbi_write_png stb_image_write.h:1219
    #3 0x10433e908 in prog::saveToPNG(std::__1::basic_string<char, std::__1::char_traits<char>, std::__1::allocator<char>> const&, prog::Image const*) PNG.cpp:44
    #4 0x10430c6c8 in prog::Script::save() Script.cpp:74
    #5 0x104309e3c in prog::Script::run() Script.cpp:48
    #6 0x104306d30 in prog::TestDriver::test_script(std::__1::basic_string<char, std::__1::char_traits<char>, std::__1::allocator<char>> const&) test.cpp:43
    #7 0x1042f67cc in prog::TestDriver::run_test(std::__1::basic_string<char, std::__1::char_traits<char>, std::__1::allocator<char>> const&) test.cpp:79
    #8 0x1042ee088 in prog::TestDriver::test_scripts(std::__1::basic_string<char, std::__1::char_traits<char>, std::__1::allocator<char>> const&) test.cpp:165
    #9 0x1042ec4c0 in main test.cpp:186
    #10 0x18f3a7f24  (<unknown module>)

==2154==HINT: if you don't care about these errors you may set allocator_may_return_null=1
SUMMARY: AddressSanitizer: allocation-size-too-big (libclang_rt.asan_osx_dynamic.dylib:arm64e+0x3eca8) in wrap_malloc+0x94
==2154==ABORTING
>>>> [23] fill3 <<<<
Executing command 'open' ...
Executing command 'fill' ...
Executing command '0' ...
Executing command '0' ...
Executing command '300' ...
Executing command '150' ...
Executing command '0' ...
Executing command '255' ...
Executing command '0' ...
Executing command 'save' ...
=================================================================
==2156==ERROR: AddressSanitizer: requested allocation size 0xfffffffffffffffd (0x800 after adjustments for alignment, red zones etc.) exceeds maximum supported size of 0x10000000000 (thread T0)
    #0 0x1047beca8 in wrap_malloc+0x94 (libclang_rt.asan_osx_dynamic.dylib:arm64e+0x3eca8)
    #1 0x10432c594 in stbi_write_png_to_mem stb_image_write.h:1145
    #2 0x104335530 in stbi_write_png stb_image_write.h:1219
    #3 0x10433e908 in prog::saveToPNG(std::__1::basic_string<char, std::__1::char_traits<char>, std::__1::allocator<char>> const&, prog::Image const*) PNG.cpp:44
    #4 0x10430c6c8 in prog::Script::save() Script.cpp:74
    #5 0x104309e3c in prog::Script::run() Script.cpp:48
    #6 0x104306d30 in prog::TestDriver::test_script(std::__1::basic_string<char, std::__1::char_traits<char>, std::__1::allocator<char>> const&) test.cpp:43
    #7 0x1042f67cc in prog::TestDriver::run_test(std::__1::basic_string<char, std::__1::char_traits<char>, std::__1::allocator<char>> const&) test.cpp:79
    #8 0x1042ee088 in prog::TestDriver::test_scripts(std::__1::basic_string<char, std::__1::char_traits<char>, std::__1::allocator<char>> const&) test.cpp:165
    #9 0x1042ec4c0 in main test.cpp:186
    #10 0x18f3a7f24  (<unknown module>)

==2156==HINT: if you don't care about these errors you may set allocator_may_return_null=1
SUMMARY: AddressSanitizer: allocation-size-too-big (libclang_rt.asan_osx_dynamic.dylib:arm64e+0x3eca8) in wrap_malloc+0x94
==2156==ABORTING
>>>> [24] fill4 <<<<
Executing command 'blank' ...
Executing command 'fill' ...
Executing command '0' ...
Executing command '0' ...
Executing command '200' ...
Executing command '100' ...
Executing command '0' ...
Executing command '255' ...
Executing command '0' ...
Executing command 'fill' ...
Executing command '0' ...
Executing command '0' ...
Executing command '20' ...
Executing command '30' ...
Executing command '0' ...
Executing command '0' ...
Executing command '255' ...
Executing command 'fill' ...
Executing command '200' ...
Executing command '200' ...
Executing command '100' ...
Executing command '100' ...
Executing command '255' ...
Executing command '255' ...
Executing command '255' ...
Executing command 'fill' ...
Executing command '280' ...
Executing command '0' ...
Executing command '20' ...
Executing command '23' ...
Executing command '255' ...
Executing command '255' ...
Executing command '0' ...
Executing command 'fill' ...
Executing command '0' ...
Executing command '270' ...
Executing command '25' ...
Executing command '30' ...
Executing command '255' ...
Executing command '0' ...
Executing command '255' ...
Executing command 'fill' ...
Executing command '120' ...
Executing command '120' ...
Executing command '51' ...
Executing command '67' ...
Executing command '128' ...
Executing command '128' ...
Executing command '128' ...
Executing command 'save' ...
=================================================================
==2158==ERROR: AddressSanitizer: requested allocation size 0xfffffffffffffffd (0x800 after adjustments for alignment, red zones etc.) exceeds maximum supported size of 0x10000000000 (thread T0)
    #0 0x1047beca8 in wrap_malloc+0x94 (libclang_rt.asan_osx_dynamic.dylib:arm64e+0x3eca8)
    #1 0x10432c594 in stbi_write_png_to_mem stb_image_write.h:1145
    #2 0x104335530 in stbi_write_png stb_image_write.h:1219
    #3 0x10433e908 in prog::saveToPNG(std::__1::basic_string<char, std::__1::char_traits<char>, std::__1::allocator<char>> const&, prog::Image const*) PNG.cpp:44
    #4 0x10430c6c8 in prog::Script::save() Script.cpp:74
    #5 0x104309e3c in prog::Script::run() Script.cpp:48
    #6 0x104306d30 in prog::TestDriver::test_script(std::__1::basic_string<char, std::__1::char_traits<char>, std::__1::allocator<char>> const&) test.cpp:43
    #7 0x1042f67cc in prog::TestDriver::run_test(std::__1::basic_string<char, std::__1::char_traits<char>, std::__1::allocator<char>> const&) test.cpp:79
    #8 0x1042ee088 in prog::TestDriver::test_scripts(std::__1::basic_string<char, std::__1::char_traits<char>, std::__1::allocator<char>> const&) test.cpp:165
    #9 0x1042ec4c0 in main test.cpp:186
    #10 0x18f3a7f24  (<unknown module>)

==2158==HINT: if you don't care about these errors you may set allocator_may_return_null=1
SUMMARY: AddressSanitizer: allocation-size-too-big (libclang_rt.asan_osx_dynamic.dylib:arm64e+0x3eca8) in wrap_malloc+0x94
==2158==ABORTING
>>>> [25] h_mirror1 <<<<
Executing command 'open' ...
Executing command 'h_mirror' ...
Executing command 'save' ...
=================================================================
==2160==ERROR: AddressSanitizer: requested allocation size 0xfffffffffffffffd (0x800 after adjustments for alignment, red zones etc.) exceeds maximum supported size of 0x10000000000 (thread T0)
    #0 0x1047beca8 in wrap_malloc+0x94 (libclang_rt.asan_osx_dynamic.dylib:arm64e+0x3eca8)
    #1 0x10432c594 in stbi_write_png_to_mem stb_image_write.h:1145
    #2 0x104335530 in stbi_write_png stb_image_write.h:1219
    #3 0x10433e908 in prog::saveToPNG(std::__1::basic_string<char, std::__1::char_traits<char>, std::__1::allocator<char>> const&, prog::Image const*) PNG.cpp:44
    #4 0x10430c6c8 in prog::Script::save() Script.cpp:74
    #5 0x104309e3c in prog::Script::run() Script.cpp:48
    #6 0x104306d30 in prog::TestDriver::test_script(std::__1::basic_string<char, std::__1::char_traits<char>, std::__1::allocator<char>> const&) test.cpp:43
    #7 0x1042f67cc in prog::TestDriver::run_test(std::__1::basic_string<char, std::__1::char_traits<char>, std::__1::allocator<char>> const&) test.cpp:79
    #8 0x1042ee088 in prog::TestDriver::test_scripts(std::__1::basic_string<char, std::__1::char_traits<char>, std::__1::allocator<char>> const&) test.cpp:165
    #9 0x1042ec4c0 in main test.cpp:186
    #10 0x18f3a7f24  (<unknown module>)

==2160==HINT: if you don't care about these errors you may set allocator_may_return_null=1
SUMMARY: AddressSanitizer: allocation-size-too-big (libclang_rt.asan_osx_dynamic.dylib:arm64e+0x3eca8) in wrap_malloc+0x94
==2160==ABORTING
>>>> [26] h_mirror2 <<<<
Executing command 'open' ...
Executing command 'h_mirror' ...
Executing command 'h_mirror' ...
Executing command 'save' ...
=================================================================
==2162==ERROR: AddressSanitizer: requested allocation size 0xfffffffffffffffd (0x800 after adjustments for alignment, red zones etc.) exceeds maximum supported size of 0x10000000000 (thread T0)
    #0 0x1047beca8 in wrap_malloc+0x94 (libclang_rt.asan_osx_dynamic.dylib:arm64e+0x3eca8)
    #1 0x10432c594 in stbi_write_png_to_mem stb_image_write.h:1145
    #2 0x104335530 in stbi_write_png stb_image_write.h:1219
    #3 0x10433e908 in prog::saveToPNG(std::__1::basic_string<char, std::__1::char_traits<char>, std::__1::allocator<char>> const&, prog::Image const*) PNG.cpp:44
    #4 0x10430c6c8 in prog::Script::save() Script.cpp:74
    #5 0x104309e3c in prog::Script::run() Script.cpp:48
    #6 0x104306d30 in prog::TestDriver::test_script(std::__1::basic_string<char, std::__1::char_traits<char>, std::__1::allocator<char>> const&) test.cpp:43
    #7 0x1042f67cc in prog::TestDriver::run_test(std::__1::basic_string<char, std::__1::char_traits<char>, std::__1::allocator<char>> const&) test.cpp:79
    #8 0x1042ee088 in prog::TestDriver::test_scripts(std::__1::basic_string<char, std::__1::char_traits<char>, std::__1::allocator<char>> const&) test.cpp:165
    #9 0x1042ec4c0 in main test.cpp:186
    #10 0x18f3a7f24  (<unknown module>)

==2162==HINT: if you don't care about these errors you may set allocator_may_return_null=1
SUMMARY: AddressSanitizer: allocation-size-too-big (libclang_rt.asan_osx_dynamic.dylib:arm64e+0x3eca8) in wrap_malloc+0x94
==2162==ABORTING
>>>> [27] h_mirror3 <<<<
Executing command 'open' ...
Executing command 'h_mirror' ...
Executing command 'save' ...
=================================================================
==2164==ERROR: AddressSanitizer: requested allocation size 0xfffffffffffffffd (0x800 after adjustments for alignment, red zones etc.) exceeds maximum supported size of 0x10000000000 (thread T0)
    #0 0x1047beca8 in wrap_malloc+0x94 (libclang_rt.asan_osx_dynamic.dylib:arm64e+0x3eca8)
    #1 0x10432c594 in stbi_write_png_to_mem stb_image_write.h:1145
    #2 0x104335530 in stbi_write_png stb_image_write.h:1219
    #3 0x10433e908 in prog::saveToPNG(std::__1::basic_string<char, std::__1::char_traits<char>, std::__1::allocator<char>> const&, prog::Image const*) PNG.cpp:44
    #4 0x10430c6c8 in prog::Script::save() Script.cpp:74
    #5 0x104309e3c in prog::Script::run() Script.cpp:48
    #6 0x104306d30 in prog::TestDriver::test_script(std::__1::basic_string<char, std::__1::char_traits<char>, std::__1::allocator<char>> const&) test.cpp:43
    #7 0x1042f67cc in prog::TestDriver::run_test(std::__1::basic_string<char, std::__1::char_traits<char>, std::__1::allocator<char>> const&) test.cpp:79
    #8 0x1042ee088 in prog::TestDriver::test_scripts(std::__1::basic_string<char, std::__1::char_traits<char>, std::__1::allocator<char>> const&) test.cpp:165
    #9 0x1042ec4c0 in main test.cpp:186
    #10 0x18f3a7f24  (<unknown module>)

==2164==HINT: if you don't care about these errors you may set allocator_may_return_null=1
SUMMARY: AddressSanitizer: allocation-size-too-big (libclang_rt.asan_osx_dynamic.dylib:arm64e+0x3eca8) in wrap_malloc+0x94
==2164==ABORTING
>>>> [28] h_mirror4 <<<<
Executing command 'open' ...
Executing command 'h_mirror' ...
Executing command 'save' ...
=================================================================
==2166==ERROR: AddressSanitizer: requested allocation size 0xfffffffffffffffd (0x800 after adjustments for alignment, red zones etc.) exceeds maximum supported size of 0x10000000000 (thread T0)
    #0 0x1047beca8 in wrap_malloc+0x94 (libclang_rt.asan_osx_dynamic.dylib:arm64e+0x3eca8)
    #1 0x10432c594 in stbi_write_png_to_mem stb_image_write.h:1145
    #2 0x104335530 in stbi_write_png stb_image_write.h:1219
    #3 0x10433e908 in prog::saveToPNG(std::__1::basic_string<char, std::__1::char_traits<char>, std::__1::allocator<char>> const&, prog::Image const*) PNG.cpp:44
    #4 0x10430c6c8 in prog::Script::save() Script.cpp:74
    #5 0x104309e3c in prog::Script::run() Script.cpp:48
    #6 0x104306d30 in prog::TestDriver::test_script(std::__1::basic_string<char, std::__1::char_traits<char>, std::__1::allocator<char>> const&) test.cpp:43
    #7 0x1042f67cc in prog::TestDriver::run_test(std::__1::basic_string<char, std::__1::char_traits<char>, std::__1::allocator<char>> const&) test.cpp:79
    #8 0x1042ee088 in prog::TestDriver::test_scripts(std::__1::basic_string<char, std::__1::char_traits<char>, std::__1::allocator<char>> const&) test.cpp:165
    #9 0x1042ec4c0 in main test.cpp:186
    #10 0x18f3a7f24  (<unknown module>)

==2166==HINT: if you don't care about these errors you may set allocator_may_return_null=1
SUMMARY: AddressSanitizer: allocation-size-too-big (libclang_rt.asan_osx_dynamic.dylib:arm64e+0x3eca8) in wrap_malloc+0x94
==2166==ABORTING
>>>> [29] invert1 <<<<
Executing command 'open' ...
Executing command 'invert' ...
Executing command 'save' ...
=================================================================
==2168==ERROR: AddressSanitizer: requested allocation size 0xfffffffffffffffd (0x800 after adjustments for alignment, red zones etc.) exceeds maximum supported size of 0x10000000000 (thread T0)
    #0 0x1047beca8 in wrap_malloc+0x94 (libclang_rt.asan_osx_dynamic.dylib:arm64e+0x3eca8)
    #1 0x10432c594 in stbi_write_png_to_mem stb_image_write.h:1145
    #2 0x104335530 in stbi_write_png stb_image_write.h:1219
    #3 0x10433e908 in prog::saveToPNG(std::__1::basic_string<char, std::__1::char_traits<char>, std::__1::allocator<char>> const&, prog::Image const*) PNG.cpp:44
    #4 0x10430c6c8 in prog::Script::save() Script.cpp:74
    #5 0x104309e3c in prog::Script::run() Script.cpp:48
    #6 0x104306d30 in prog::TestDriver::test_script(std::__1::basic_string<char, std::__1::char_traits<char>, std::__1::allocator<char>> const&) test.cpp:43
    #7 0x1042f67cc in prog::TestDriver::run_test(std::__1::basic_string<char, std::__1::char_traits<char>, std::__1::allocator<char>> const&) test.cpp:79
    #8 0x1042ee088 in prog::TestDriver::test_scripts(std::__1::basic_string<char, std::__1::char_traits<char>, std::__1::allocator<char>> const&) test.cpp:165
    #9 0x1042ec4c0 in main test.cpp:186
    #10 0x18f3a7f24  (<unknown module>)

==2168==HINT: if you don't care about these errors you may set allocator_may_return_null=1
SUMMARY: AddressSanitizer: allocation-size-too-big (libclang_rt.asan_osx_dynamic.dylib:arm64e+0x3eca8) in wrap_malloc+0x94
==2168==ABORTING
>>>> [30] invert2 <<<<
Executing command 'open' ...
Executing command 'invert' ...
Executing command 'invert' ...
Executing command 'save' ...
=================================================================
==2170==ERROR: AddressSanitizer: requested allocation size 0xfffffffffffffffd (0x800 after adjustments for alignment, red zones etc.) exceeds maximum supported size of 0x10000000000 (thread T0)
    #0 0x1047beca8 in wrap_malloc+0x94 (libclang_rt.asan_osx_dynamic.dylib:arm64e+0x3eca8)
    #1 0x10432c594 in stbi_write_png_to_mem stb_image_write.h:1145
    #2 0x104335530 in stbi_write_png stb_image_write.h:1219
    #3 0x10433e908 in prog::saveToPNG(std::__1::basic_string<char, std::__1::char_traits<char>, std::__1::allocator<char>> const&, prog::Image const*) PNG.cpp:44
    #4 0x10430c6c8 in prog::Script::save() Script.cpp:74
    #5 0x104309e3c in prog::Script::run() Script.cpp:48
    #6 0x104306d30 in prog::TestDriver::test_script(std::__1::basic_string<char, std::__1::char_traits<char>, std::__1::allocator<char>> const&) test.cpp:43
    #7 0x1042f67cc in prog::TestDriver::run_test(std::__1::basic_string<char, std::__1::char_traits<char>, std::__1::allocator<char>> const&) test.cpp:79
    #8 0x1042ee088 in prog::TestDriver::test_scripts(std::__1::basic_string<char, std::__1::char_traits<char>, std::__1::allocator<char>> const&) test.cpp:165
    #9 0x1042ec4c0 in main test.cpp:186
    #10 0x18f3a7f24  (<unknown module>)

==2170==HINT: if you don't care about these errors you may set allocator_may_return_null=1
SUMMARY: AddressSanitizer: allocation-size-too-big (libclang_rt.asan_osx_dynamic.dylib:arm64e+0x3eca8) in wrap_malloc+0x94
==2170==ABORTING
>>>> [31] invert3 <<<<
Executing command 'open' ...
Executing command 'invert' ...
Executing command 'save' ...
=================================================================
==2172==ERROR: AddressSanitizer: requested allocation size 0xfffffffffffffffd (0x800 after adjustments for alignment, red zones etc.) exceeds maximum supported size of 0x10000000000 (thread T0)
    #0 0x1047beca8 in wrap_malloc+0x94 (libclang_rt.asan_osx_dynamic.dylib:arm64e+0x3eca8)
    #1 0x10432c594 in stbi_write_png_to_mem stb_image_write.h:1145
    #2 0x104335530 in stbi_write_png stb_image_write.h:1219
    #3 0x10433e908 in prog::saveToPNG(std::__1::basic_string<char, std::__1::char_traits<char>, std::__1::allocator<char>> const&, prog::Image const*) PNG.cpp:44
    #4 0x10430c6c8 in prog::Script::save() Script.cpp:74
    #5 0x104309e3c in prog::Script::run() Script.cpp:48
    #6 0x104306d30 in prog::TestDriver::test_script(std::__1::basic_string<char, std::__1::char_traits<char>, std::__1::allocator<char>> const&) test.cpp:43
    #7 0x1042f67cc in prog::TestDriver::run_test(std::__1::basic_string<char, std::__1::char_traits<char>, std::__1::allocator<char>> const&) test.cpp:79
    #8 0x1042ee088 in prog::TestDriver::test_scripts(std::__1::basic_string<char, std::__1::char_traits<char>, std::__1::allocator<char>> const&) test.cpp:165
    #9 0x1042ec4c0 in main test.cpp:186
    #10 0x18f3a7f24  (<unknown module>)

==2172==HINT: if you don't care about these errors you may set allocator_may_return_null=1
SUMMARY: AddressSanitizer: allocation-size-too-big (libclang_rt.asan_osx_dynamic.dylib:arm64e+0x3eca8) in wrap_malloc+0x94
==2172==ABORTING
>>>> [32] invert4 <<<<
Executing command 'open' ...
Executing command 'invert' ...
Executing command 'save' ...
=================================================================
==2174==ERROR: AddressSanitizer: requested allocation size 0xfffffffffffffffd (0x800 after adjustments for alignment, red zones etc.) exceeds maximum supported size of 0x10000000000 (thread T0)
    #0 0x1047beca8 in wrap_malloc+0x94 (libclang_rt.asan_osx_dynamic.dylib:arm64e+0x3eca8)
    #1 0x10432c594 in stbi_write_png_to_mem stb_image_write.h:1145
    #2 0x104335530 in stbi_write_png stb_image_write.h:1219
    #3 0x10433e908 in prog::saveToPNG(std::__1::basic_string<char, std::__1::char_traits<char>, std::__1::allocator<char>> const&, prog::Image const*) PNG.cpp:44
    #4 0x10430c6c8 in prog::Script::save() Script.cpp:74
    #5 0x104309e3c in prog::Script::run() Script.cpp:48
    #6 0x104306d30 in prog::TestDriver::test_script(std::__1::basic_string<char, std::__1::char_traits<char>, std::__1::allocator<char>> const&) test.cpp:43
    #7 0x1042f67cc in prog::TestDriver::run_test(std::__1::basic_string<char, std::__1::char_traits<char>, std::__1::allocator<char>> const&) test.cpp:79
    #8 0x1042ee088 in prog::TestDriver::test_scripts(std::__1::basic_string<char, std::__1::char_traits<char>, std::__1::allocator<char>> const&) test.cpp:165
    #9 0x1042ec4c0 in main test.cpp:186
    #10 0x18f3a7f24  (<unknown module>)

==2174==HINT: if you don't care about these errors you may set allocator_may_return_null=1
SUMMARY: AddressSanitizer: allocation-size-too-big (libclang_rt.asan_osx_dynamic.dylib:arm64e+0x3eca8) in wrap_malloc+0x94
==2174==ABORTING
>>>> [33] median_filter1 <<<<
Executing command 'open' ...
Executing command 'median_filter' ...
Executing command '3' ...
Executing command 'save' ...
=================================================================
==2176==ERROR: AddressSanitizer: requested allocation size 0xfffffffffffffffd (0x800 after adjustments for alignment, red zones etc.) exceeds maximum supported size of 0x10000000000 (thread T0)
    #0 0x1047beca8 in wrap_malloc+0x94 (libclang_rt.asan_osx_dynamic.dylib:arm64e+0x3eca8)
    #1 0x10432c594 in stbi_write_png_to_mem stb_image_write.h:1145
    #2 0x104335530 in stbi_write_png stb_image_write.h:1219
    #3 0x10433e908 in prog::saveToPNG(std::__1::basic_string<char, std::__1::char_traits<char>, std::__1::allocator<char>> const&, prog::Image const*) PNG.cpp:44
    #4 0x10430c6c8 in prog::Script::save() Script.cpp:74
    #5 0x104309e3c in prog::Script::run() Script.cpp:48
    #6 0x104306d30 in prog::TestDriver::test_script(std::__1::basic_string<char, std::__1::char_traits<char>, std::__1::allocator<char>> const&) test.cpp:43
    #7 0x1042f67cc in prog::TestDriver::run_test(std::__1::basic_string<char, std::__1::char_traits<char>, std::__1::allocator<char>> const&) test.cpp:79
    #8 0x1042ee088 in prog::TestDriver::test_scripts(std::__1::basic_string<char, std::__1::char_traits<char>, std::__1::allocator<char>> const&) test.cpp:165
    #9 0x1042ec4c0 in main test.cpp:186
    #10 0x18f3a7f24  (<unknown module>)

==2176==HINT: if you don't care about these errors you may set allocator_may_return_null=1
SUMMARY: AddressSanitizer: allocation-size-too-big (libclang_rt.asan_osx_dynamic.dylib:arm64e+0x3eca8) in wrap_malloc+0x94
==2176==ABORTING
>>>> [34] median_filter2 <<<<
Executing command 'open' ...
Executing command 'median_filter' ...
Executing command '5' ...
Executing command 'save' ...
=================================================================
==2178==ERROR: AddressSanitizer: requested allocation size 0xfffffffffffffffd (0x800 after adjustments for alignment, red zones etc.) exceeds maximum supported size of 0x10000000000 (thread T0)
    #0 0x1047beca8 in wrap_malloc+0x94 (libclang_rt.asan_osx_dynamic.dylib:arm64e+0x3eca8)
    #1 0x10432c594 in stbi_write_png_to_mem stb_image_write.h:1145
    #2 0x104335530 in stbi_write_png stb_image_write.h:1219
    #3 0x10433e908 in prog::saveToPNG(std::__1::basic_string<char, std::__1::char_traits<char>, std::__1::allocator<char>> const&, prog::Image const*) PNG.cpp:44
    #4 0x10430c6c8 in prog::Script::save() Script.cpp:74
    #5 0x104309e3c in prog::Script::run() Script.cpp:48
    #6 0x104306d30 in prog::TestDriver::test_script(std::__1::basic_string<char, std::__1::char_traits<char>, std::__1::allocator<char>> const&) test.cpp:43
    #7 0x1042f67cc in prog::TestDriver::run_test(std::__1::basic_string<char, std::__1::char_traits<char>, std::__1::allocator<char>> const&) test.cpp:79
    #8 0x1042ee088 in prog::TestDriver::test_scripts(std::__1::basic_string<char, std::__1::char_traits<char>, std::__1::allocator<char>> const&) test.cpp:165
    #9 0x1042ec4c0 in main test.cpp:186
    #10 0x18f3a7f24  (<unknown module>)

==2178==HINT: if you don't care about these errors you may set allocator_may_return_null=1
SUMMARY: AddressSanitizer: allocation-size-too-big (libclang_rt.asan_osx_dynamic.dylib:arm64e+0x3eca8) in wrap_malloc+0x94
==2178==ABORTING
>>>> [35] median_filter3 <<<<
Executing command 'open' ...
Executing command 'median_filter' ...
Executing command '7' ...
Executing command 'median_filter' ...
Executing command '3' ...
Executing command 'save' ...
=================================================================
==2180==ERROR: AddressSanitizer: requested allocation size 0xfffffffffffffffd (0x800 after adjustments for alignment, red zones etc.) exceeds maximum supported size of 0x10000000000 (thread T0)
    #0 0x1047beca8 in wrap_malloc+0x94 (libclang_rt.asan_osx_dynamic.dylib:arm64e+0x3eca8)
    #1 0x10432c594 in stbi_write_png_to_mem stb_image_write.h:1145
    #2 0x104335530 in stbi_write_png stb_image_write.h:1219
    #3 0x10433e908 in prog::saveToPNG(std::__1::basic_string<char, std::__1::char_traits<char>, std::__1::allocator<char>> const&, prog::Image const*) PNG.cpp:44
    #4 0x10430c6c8 in prog::Script::save() Script.cpp:74
    #5 0x104309e3c in prog::Script::run() Script.cpp:48
    #6 0x104306d30 in prog::TestDriver::test_script(std::__1::basic_string<char, std::__1::char_traits<char>, std::__1::allocator<char>> const&) test.cpp:43
    #7 0x1042f67cc in prog::TestDriver::run_test(std::__1::basic_string<char, std::__1::char_traits<char>, std::__1::allocator<char>> const&) test.cpp:79
    #8 0x1042ee088 in prog::TestDriver::test_scripts(std::__1::basic_string<char, std::__1::char_traits<char>, std::__1::allocator<char>> const&) test.cpp:165
    #9 0x1042ec4c0 in main test.cpp:186
    #10 0x18f3a7f24  (<unknown module>)

==2180==HINT: if you don't care about these errors you may set allocator_may_return_null=1
SUMMARY: AddressSanitizer: allocation-size-too-big (libclang_rt.asan_osx_dynamic.dylib:arm64e+0x3eca8) in wrap_malloc+0x94
==2180==ABORTING
>>>> [36] median_filter4 <<<<
Executing command 'open' ...
Executing command 'median_filter' ...
Executing command '3' ...
Executing command 'median_filter' ...
Executing command '3' ...
Executing command 'save' ...
=================================================================
==2182==ERROR: AddressSanitizer: requested allocation size 0xfffffffffffffffd (0x800 after adjustments for alignment, red zones etc.) exceeds maximum supported size of 0x10000000000 (thread T0)
    #0 0x1047beca8 in wrap_malloc+0x94 (libclang_rt.asan_osx_dynamic.dylib:arm64e+0x3eca8)
    #1 0x10432c594 in stbi_write_png_to_mem stb_image_write.h:1145
    #2 0x104335530 in stbi_write_png stb_image_write.h:1219
    #3 0x10433e908 in prog::saveToPNG(std::__1::basic_string<char, std::__1::char_traits<char>, std::__1::allocator<char>> const&, prog::Image const*) PNG.cpp:44
    #4 0x10430c6c8 in prog::Script::save() Script.cpp:74
    #5 0x104309e3c in prog::Script::run() Script.cpp:48
    #6 0x104306d30 in prog::TestDriver::test_script(std::__1::basic_string<char, std::__1::char_traits<char>, std::__1::allocator<char>> const&) test.cpp:43
    #7 0x1042f67cc in prog::TestDriver::run_test(std::__1::basic_string<char, std::__1::char_traits<char>, std::__1::allocator<char>> const&) test.cpp:79
    #8 0x1042ee088 in prog::TestDriver::test_scripts(std::__1::basic_string<char, std::__1::char_traits<char>, std::__1::allocator<char>> const&) test.cpp:165
    #9 0x1042ec4c0 in main test.cpp:186
    #10 0x18f3a7f24  (<unknown module>)

==2182==HINT: if you don't care about these errors you may set allocator_may_return_null=1
SUMMARY: AddressSanitizer: allocation-size-too-big (libclang_rt.asan_osx_dynamic.dylib:arm64e+0x3eca8) in wrap_malloc+0x94
==2182==ABORTING
>>>> [37] median_filter5 <<<<
Executing command 'open' ...
Executing command 'median_filter' ...
Executing command '3' ...
Executing command 'median_filter' ...
Executing command '3' ...
Executing command 'median_filter' ...
Executing command '3' ...
Executing command 'median_filter' ...
Executing command '3' ...
Executing command 'save' ...
=================================================================
==2184==ERROR: AddressSanitizer: requested allocation size 0xfffffffffffffffd (0x800 after adjustments for alignment, red zones etc.) exceeds maximum supported size of 0x10000000000 (thread T0)
    #0 0x1047beca8 in wrap_malloc+0x94 (libclang_rt.asan_osx_dynamic.dylib:arm64e+0x3eca8)
    #1 0x10432c594 in stbi_write_png_to_mem stb_image_write.h:1145
    #2 0x104335530 in stbi_write_png stb_image_write.h:1219
    #3 0x10433e908 in prog::saveToPNG(std::__1::basic_string<char, std::__1::char_traits<char>, std::__1::allocator<char>> const&, prog::Image const*) PNG.cpp:44
    #4 0x10430c6c8 in prog::Script::save() Script.cpp:74
    #5 0x104309e3c in prog::Script::run() Script.cpp:48
    #6 0x104306d30 in prog::TestDriver::test_script(std::__1::basic_string<char, std::__1::char_traits<char>, std::__1::allocator<char>> const&) test.cpp:43
    #7 0x1042f67cc in prog::TestDriver::run_test(std::__1::basic_string<char, std::__1::char_traits<char>, std::__1::allocator<char>> const&) test.cpp:79
    #8 0x1042ee088 in prog::TestDriver::test_scripts(std::__1::basic_string<char, std::__1::char_traits<char>, std::__1::allocator<char>> const&) test.cpp:165
    #9 0x1042ec4c0 in main test.cpp:186
    #10 0x18f3a7f24  (<unknown module>)

==2184==HINT: if you don't care about these errors you may set allocator_may_return_null=1
SUMMARY: AddressSanitizer: allocation-size-too-big (libclang_rt.asan_osx_dynamic.dylib:arm64e+0x3eca8) in wrap_malloc+0x94
==2184==ABORTING
>>>> [38] replace1 <<<<
Executing command 'open' ...
Executing command 'replace' ...
Executing command '0' ...
Executing command '0' ...
Executing command '0' ...
Executing command '255' ...
Executing command '255' ...
Executing command '255' ...
Executing command 'save' ...
=================================================================
==2186==ERROR: AddressSanitizer: requested allocation size 0xfffffffffffffffd (0x800 after adjustments for alignment, red zones etc.) exceeds maximum supported size of 0x10000000000 (thread T0)
    #0 0x1047beca8 in wrap_malloc+0x94 (libclang_rt.asan_osx_dynamic.dylib:arm64e+0x3eca8)
    #1 0x10432c594 in stbi_write_png_to_mem stb_image_write.h:1145
    #2 0x104335530 in stbi_write_png stb_image_write.h:1219
    #3 0x10433e908 in prog::saveToPNG(std::__1::basic_string<char, std::__1::char_traits<char>, std::__1::allocator<char>> const&, prog::Image const*) PNG.cpp:44
    #4 0x10430c6c8 in prog::Script::save() Script.cpp:74
    #5 0x104309e3c in prog::Script::run() Script.cpp:48
    #6 0x104306d30 in prog::TestDriver::test_script(std::__1::basic_string<char, std::__1::char_traits<char>, std::__1::allocator<char>> const&) test.cpp:43
    #7 0x1042f67cc in prog::TestDriver::run_test(std::__1::basic_string<char, std::__1::char_traits<char>, std::__1::allocator<char>> const&) test.cpp:79
    #8 0x1042ee088 in prog::TestDriver::test_scripts(std::__1::basic_string<char, std::__1::char_traits<char>, std::__1::allocator<char>> const&) test.cpp:165
    #9 0x1042ec4c0 in main test.cpp:186
    #10 0x18f3a7f24  (<unknown module>)

==2186==HINT: if you don't care about these errors you may set allocator_may_return_null=1
SUMMARY: AddressSanitizer: allocation-size-too-big (libclang_rt.asan_osx_dynamic.dylib:arm64e+0x3eca8) in wrap_malloc+0x94
==2186==ABORTING
>>>> [39] replace2 <<<<
Executing command 'open' ...
Executing command 'replace' ...
Executing command '255' ...
Executing command '255' ...
Executing command '255' ...
Executing command '0' ...
Executing command '0' ...
Executing command '0' ...
Executing command 'save' ...
=================================================================
==2188==ERROR: AddressSanitizer: requested allocation size 0xfffffffffffffffd (0x800 after adjustments for alignment, red zones etc.) exceeds maximum supported size of 0x10000000000 (thread T0)
    #0 0x1047beca8 in wrap_malloc+0x94 (libclang_rt.asan_osx_dynamic.dylib:arm64e+0x3eca8)
    #1 0x10432c594 in stbi_write_png_to_mem stb_image_write.h:1145
    #2 0x104335530 in stbi_write_png stb_image_write.h:1219
    #3 0x10433e908 in prog::saveToPNG(std::__1::basic_string<char, std::__1::char_traits<char>, std::__1::allocator<char>> const&, prog::Image const*) PNG.cpp:44
    #4 0x10430c6c8 in prog::Script::save() Script.cpp:74
    #5 0x104309e3c in prog::Script::run() Script.cpp:48
    #6 0x104306d30 in prog::TestDriver::test_script(std::__1::basic_string<char, std::__1::char_traits<char>, std::__1::allocator<char>> const&) test.cpp:43
    #7 0x1042f67cc in prog::TestDriver::run_test(std::__1::basic_string<char, std::__1::char_traits<char>, std::__1::allocator<char>> const&) test.cpp:79
    #8 0x1042ee088 in prog::TestDriver::test_scripts(std::__1::basic_string<char, std::__1::char_traits<char>, std::__1::allocator<char>> const&) test.cpp:165
    #9 0x1042ec4c0 in main test.cpp:186
    #10 0x18f3a7f24  (<unknown module>)

==2188==HINT: if you don't care about these errors you may set allocator_may_return_null=1
SUMMARY: AddressSanitizer: allocation-size-too-big (libclang_rt.asan_osx_dynamic.dylib:arm64e+0x3eca8) in wrap_malloc+0x94
==2188==ABORTING
>>>> [40] replace3 <<<<
Executing command 'open' ...
Executing command 'replace' ...
Executing command '255' ...
Executing command '255' ...
Executing command '255' ...
Executing command '245' ...
Executing command '245' ...
Executing command '245' ...
Executing command 'replace' ...
Executing command '250' ...
Executing command '250' ...
Executing command '250' ...
Executing command '200' ...
Executing command '200' ...
Executing command '200' ...
Executing command 'save' ...
=================================================================
==2190==ERROR: AddressSanitizer: requested allocation size 0xfffffffffffffffd (0x800 after adjustments for alignment, red zones etc.) exceeds maximum supported size of 0x10000000000 (thread T0)
    #0 0x1047beca8 in wrap_malloc+0x94 (libclang_rt.asan_osx_dynamic.dylib:arm64e+0x3eca8)
    #1 0x10432c594 in stbi_write_png_to_mem stb_image_write.h:1145
    #2 0x104335530 in stbi_write_png stb_image_write.h:1219
    #3 0x10433e908 in prog::saveToPNG(std::__1::basic_string<char, std::__1::char_traits<char>, std::__1::allocator<char>> const&, prog::Image const*) PNG.cpp:44
    #4 0x10430c6c8 in prog::Script::save() Script.cpp:74
    #5 0x104309e3c in prog::Script::run() Script.cpp:48
    #6 0x104306d30 in prog::TestDriver::test_script(std::__1::basic_string<char, std::__1::char_traits<char>, std::__1::allocator<char>> const&) test.cpp:43
    #7 0x1042f67cc in prog::TestDriver::run_test(std::__1::basic_string<char, std::__1::char_traits<char>, std::__1::allocator<char>> const&) test.cpp:79
    #8 0x1042ee088 in prog::TestDriver::test_scripts(std::__1::basic_string<char, std::__1::char_traits<char>, std::__1::allocator<char>> const&) test.cpp:165
    #9 0x1042ec4c0 in main test.cpp:186
    #10 0x18f3a7f24  (<unknown module>)

==2190==HINT: if you don't care about these errors you may set allocator_may_return_null=1
SUMMARY: AddressSanitizer: allocation-size-too-big (libclang_rt.asan_osx_dynamic.dylib:arm64e+0x3eca8) in wrap_malloc+0x94
==2190==ABORTING
>>>> [41] rotate_left1 <<<<
Executing command 'open' ...
Executing command 'rotate_left' ...
Executing command 'save' ...
=================================================================
==2192==ERROR: AddressSanitizer: requested allocation size 0xfffffffffffffffd (0x800 after adjustments for alignment, red zones etc.) exceeds maximum supported size of 0x10000000000 (thread T0)
    #0 0x1047beca8 in wrap_malloc+0x94 (libclang_rt.asan_osx_dynamic.dylib:arm64e+0x3eca8)
    #1 0x10432c594 in stbi_write_png_to_mem stb_image_write.h:1145
    #2 0x104335530 in stbi_write_png stb_image_write.h:1219
    #3 0x10433e908 in prog::saveToPNG(std::__1::basic_string<char, std::__1::char_traits<char>, std::__1::allocator<char>> const&, prog::Image const*) PNG.cpp:44
    #4 0x10430c6c8 in prog::Script::save() Script.cpp:74
    #5 0x104309e3c in prog::Script::run() Script.cpp:48
    #6 0x104306d30 in prog::TestDriver::test_script(std::__1::basic_string<char, std::__1::char_traits<char>, std::__1::allocator<char>> const&) test.cpp:43
    #7 0x1042f67cc in prog::TestDriver::run_test(std::__1::basic_string<char, std::__1::char_traits<char>, std::__1::allocator<char>> const&) test.cpp:79
    #8 0x1042ee088 in prog::TestDriver::test_scripts(std::__1::basic_string<char, std::__1::char_traits<char>, std::__1::allocator<char>> const&) test.cpp:165
    #9 0x1042ec4c0 in main test.cpp:186
    #10 0x18f3a7f24  (<unknown module>)

==2192==HINT: if you don't care about these errors you may set allocator_may_return_null=1
SUMMARY: AddressSanitizer: allocation-size-too-big (libclang_rt.asan_osx_dynamic.dylib:arm64e+0x3eca8) in wrap_malloc+0x94
==2192==ABORTING
>>>> [42] rotate_left2 <<<<
Executing command 'open' ...
Executing command 'rotate_left' ...
Executing command 'rotate_left' ...
Executing command 'save' ...
=================================================================
==2194==ERROR: AddressSanitizer: requested allocation size 0xfffffffffffffffd (0x800 after adjustments for alignment, red zones etc.) exceeds maximum supported size of 0x10000000000 (thread T0)
    #0 0x1047beca8 in wrap_malloc+0x94 (libclang_rt.asan_osx_dynamic.dylib:arm64e+0x3eca8)
    #1 0x10432c594 in stbi_write_png_to_mem stb_image_write.h:1145
    #2 0x104335530 in stbi_write_png stb_image_write.h:1219
    #3 0x10433e908 in prog::saveToPNG(std::__1::basic_string<char, std::__1::char_traits<char>, std::__1::allocator<char>> const&, prog::Image const*) PNG.cpp:44
    #4 0x10430c6c8 in prog::Script::save() Script.cpp:74
    #5 0x104309e3c in prog::Script::run() Script.cpp:48
    #6 0x104306d30 in prog::TestDriver::test_script(std::__1::basic_string<char, std::__1::char_traits<char>, std::__1::allocator<char>> const&) test.cpp:43
    #7 0x1042f67cc in prog::TestDriver::run_test(std::__1::basic_string<char, std::__1::char_traits<char>, std::__1::allocator<char>> const&) test.cpp:79
    #8 0x1042ee088 in prog::TestDriver::test_scripts(std::__1::basic_string<char, std::__1::char_traits<char>, std::__1::allocator<char>> const&) test.cpp:165
    #9 0x1042ec4c0 in main test.cpp:186
    #10 0x18f3a7f24  (<unknown module>)

==2194==HINT: if you don't care about these errors you may set allocator_may_return_null=1
SUMMARY: AddressSanitizer: allocation-size-too-big (libclang_rt.asan_osx_dynamic.dylib:arm64e+0x3eca8) in wrap_malloc+0x94
==2194==ABORTING
>>>> [43] rotate_left3 <<<<
Executing command 'open' ...
Executing command 'rotate_left' ...
Executing command 'rotate_left' ...
Executing command 'rotate_left' ...
Executing command 'save' ...
=================================================================
==2196==ERROR: AddressSanitizer: requested allocation size 0xfffffffffffffffd (0x800 after adjustments for alignment, red zones etc.) exceeds maximum supported size of 0x10000000000 (thread T0)
    #0 0x1047beca8 in wrap_malloc+0x94 (libclang_rt.asan_osx_dynamic.dylib:arm64e+0x3eca8)
    #1 0x10432c594 in stbi_write_png_to_mem stb_image_write.h:1145
    #2 0x104335530 in stbi_write_png stb_image_write.h:1219
    #3 0x10433e908 in prog::saveToPNG(std::__1::basic_string<char, std::__1::char_traits<char>, std::__1::allocator<char>> const&, prog::Image const*) PNG.cpp:44
    #4 0x10430c6c8 in prog::Script::save() Script.cpp:74
    #5 0x104309e3c in prog::Script::run() Script.cpp:48
    #6 0x104306d30 in prog::TestDriver::test_script(std::__1::basic_string<char, std::__1::char_traits<char>, std::__1::allocator<char>> const&) test.cpp:43
    #7 0x1042f67cc in prog::TestDriver::run_test(std::__1::basic_string<char, std::__1::char_traits<char>, std::__1::allocator<char>> const&) test.cpp:79
    #8 0x1042ee088 in prog::TestDriver::test_scripts(std::__1::basic_string<char, std::__1::char_traits<char>, std::__1::allocator<char>> const&) test.cpp:165
    #9 0x1042ec4c0 in main test.cpp:186
    #10 0x18f3a7f24  (<unknown module>)

==2196==HINT: if you don't care about these errors you may set allocator_may_return_null=1
SUMMARY: AddressSanitizer: allocation-size-too-big (libclang_rt.asan_osx_dynamic.dylib:arm64e+0x3eca8) in wrap_malloc+0x94
==2196==ABORTING
>>>> [44] rotate_left_rotate_right1 <<<<
Executing command 'open' ...
Executing command 'rotate_left' ...
Executing command 'rotate_right' ...
Executing command 'save' ...
=================================================================
==2198==ERROR: AddressSanitizer: requested allocation size 0xfffffffffffffffd (0x800 after adjustments for alignment, red zones etc.) exceeds maximum supported size of 0x10000000000 (thread T0)
    #0 0x1047beca8 in wrap_malloc+0x94 (libclang_rt.asan_osx_dynamic.dylib:arm64e+0x3eca8)
    #1 0x10432c594 in stbi_write_png_to_mem stb_image_write.h:1145
    #2 0x104335530 in stbi_write_png stb_image_write.h:1219
    #3 0x10433e908 in prog::saveToPNG(std::__1::basic_string<char, std::__1::char_traits<char>, std::__1::allocator<char>> const&, prog::Image const*) PNG.cpp:44
    #4 0x10430c6c8 in prog::Script::save() Script.cpp:74
    #5 0x104309e3c in prog::Script::run() Script.cpp:48
    #6 0x104306d30 in prog::TestDriver::test_script(std::__1::basic_string<char, std::__1::char_traits<char>, std::__1::allocator<char>> const&) test.cpp:43
    #7 0x1042f67cc in prog::TestDriver::run_test(std::__1::basic_string<char, std::__1::char_traits<char>, std::__1::allocator<char>> const&) test.cpp:79
    #8 0x1042ee088 in prog::TestDriver::test_scripts(std::__1::basic_string<char, std::__1::char_traits<char>, std::__1::allocator<char>> const&) test.cpp:165
    #9 0x1042ec4c0 in main test.cpp:186
    #10 0x18f3a7f24  (<unknown module>)

==2198==HINT: if you don't care about these errors you may set allocator_may_return_null=1
SUMMARY: AddressSanitizer: allocation-size-too-big (libclang_rt.asan_osx_dynamic.dylib:arm64e+0x3eca8) in wrap_malloc+0x94
==2198==ABORTING
>>>> [45] rotate_left_rotate_right2 <<<<
Executing command 'open' ...
Executing command 'rotate_left' ...
Executing command 'rotate_right' ...
Executing command 'rotate_right' ...
Executing command 'save' ...
=================================================================
==2200==ERROR: AddressSanitizer: requested allocation size 0xfffffffffffffffd (0x800 after adjustments for alignment, red zones etc.) exceeds maximum supported size of 0x10000000000 (thread T0)
    #0 0x1047beca8 in wrap_malloc+0x94 (libclang_rt.asan_osx_dynamic.dylib:arm64e+0x3eca8)
    #1 0x10432c594 in stbi_write_png_to_mem stb_image_write.h:1145
    #2 0x104335530 in stbi_write_png stb_image_write.h:1219
    #3 0x10433e908 in prog::saveToPNG(std::__1::basic_string<char, std::__1::char_traits<char>, std::__1::allocator<char>> const&, prog::Image const*) PNG.cpp:44
    #4 0x10430c6c8 in prog::Script::save() Script.cpp:74
    #5 0x104309e3c in prog::Script::run() Script.cpp:48
    #6 0x104306d30 in prog::TestDriver::test_script(std::__1::basic_string<char, std::__1::char_traits<char>, std::__1::allocator<char>> const&) test.cpp:43
    #7 0x1042f67cc in prog::TestDriver::run_test(std::__1::basic_string<char, std::__1::char_traits<char>, std::__1::allocator<char>> const&) test.cpp:79
    #8 0x1042ee088 in prog::TestDriver::test_scripts(std::__1::basic_string<char, std::__1::char_traits<char>, std::__1::allocator<char>> const&) test.cpp:165
    #9 0x1042ec4c0 in main test.cpp:186
    #10 0x18f3a7f24  (<unknown module>)

==2200==HINT: if you don't care about these errors you may set allocator_may_return_null=1
SUMMARY: AddressSanitizer: allocation-size-too-big (libclang_rt.asan_osx_dynamic.dylib:arm64e+0x3eca8) in wrap_malloc+0x94
==2200==ABORTING
>>>> [46] rotate_right1 <<<<
Executing command 'open' ...
Executing command 'rotate_right' ...
Executing command 'save' ...
=================================================================
==2202==ERROR: AddressSanitizer: requested allocation size 0xfffffffffffffffd (0x800 after adjustments for alignment, red zones etc.) exceeds maximum supported size of 0x10000000000 (thread T0)
    #0 0x1047beca8 in wrap_malloc+0x94 (libclang_rt.asan_osx_dynamic.dylib:arm64e+0x3eca8)
    #1 0x10432c594 in stbi_write_png_to_mem stb_image_write.h:1145
    #2 0x104335530 in stbi_write_png stb_image_write.h:1219
    #3 0x10433e908 in prog::saveToPNG(std::__1::basic_string<char, std::__1::char_traits<char>, std::__1::allocator<char>> const&, prog::Image const*) PNG.cpp:44
    #4 0x10430c6c8 in prog::Script::save() Script.cpp:74
    #5 0x104309e3c in prog::Script::run() Script.cpp:48
    #6 0x104306d30 in prog::TestDriver::test_script(std::__1::basic_string<char, std::__1::char_traits<char>, std::__1::allocator<char>> const&) test.cpp:43
    #7 0x1042f67cc in prog::TestDriver::run_test(std::__1::basic_string<char, std::__1::char_traits<char>, std::__1::allocator<char>> const&) test.cpp:79
    #8 0x1042ee088 in prog::TestDriver::test_scripts(std::__1::basic_string<char, std::__1::char_traits<char>, std::__1::allocator<char>> const&) test.cpp:165
    #9 0x1042ec4c0 in main test.cpp:186
    #10 0x18f3a7f24  (<unknown module>)

==2202==HINT: if you don't care about these errors you may set allocator_may_return_null=1
SUMMARY: AddressSanitizer: allocation-size-too-big (libclang_rt.asan_osx_dynamic.dylib:arm64e+0x3eca8) in wrap_malloc+0x94
==2202==ABORTING
>>>> [47] rotate_right2 <<<<
Executing command 'open' ...
Executing command 'rotate_right' ...
Executing command 'rotate_right' ...
Executing command 'save' ...
=================================================================
==2204==ERROR: AddressSanitizer: requested allocation size 0xfffffffffffffffd (0x800 after adjustments for alignment, red zones etc.) exceeds maximum supported size of 0x10000000000 (thread T0)
    #0 0x1047beca8 in wrap_malloc+0x94 (libclang_rt.asan_osx_dynamic.dylib:arm64e+0x3eca8)
    #1 0x10432c594 in stbi_write_png_to_mem stb_image_write.h:1145
    #2 0x104335530 in stbi_write_png stb_image_write.h:1219
    #3 0x10433e908 in prog::saveToPNG(std::__1::basic_string<char, std::__1::char_traits<char>, std::__1::allocator<char>> const&, prog::Image const*) PNG.cpp:44
    #4 0x10430c6c8 in prog::Script::save() Script.cpp:74
    #5 0x104309e3c in prog::Script::run() Script.cpp:48
    #6 0x104306d30 in prog::TestDriver::test_script(std::__1::basic_string<char, std::__1::char_traits<char>, std::__1::allocator<char>> const&) test.cpp:43
    #7 0x1042f67cc in prog::TestDriver::run_test(std::__1::basic_string<char, std::__1::char_traits<char>, std::__1::allocator<char>> const&) test.cpp:79
    #8 0x1042ee088 in prog::TestDriver::test_scripts(std::__1::basic_string<char, std::__1::char_traits<char>, std::__1::allocator<char>> const&) test.cpp:165
    #9 0x1042ec4c0 in main test.cpp:186
    #10 0x18f3a7f24  (<unknown module>)

==2204==HINT: if you don't care about these errors you may set allocator_may_return_null=1
SUMMARY: AddressSanitizer: allocation-size-too-big (libclang_rt.asan_osx_dynamic.dylib:arm64e+0x3eca8) in wrap_malloc+0x94
==2204==ABORTING
>>>> [48] rotate_right3 <<<<
Executing command 'open' ...
Executing command 'rotate_right' ...
Executing command 'rotate_right' ...
Executing command 'save' ...
=================================================================
==2206==ERROR: AddressSanitizer: requested allocation size 0xfffffffffffffffd (0x800 after adjustments for alignment, red zones etc.) exceeds maximum supported size of 0x10000000000 (thread T0)
    #0 0x1047beca8 in wrap_malloc+0x94 (libclang_rt.asan_osx_dynamic.dylib:arm64e+0x3eca8)
    #1 0x10432c594 in stbi_write_png_to_mem stb_image_write.h:1145
    #2 0x104335530 in stbi_write_png stb_image_write.h:1219
    #3 0x10433e908 in prog::saveToPNG(std::__1::basic_string<char, std::__1::char_traits<char>, std::__1::allocator<char>> const&, prog::Image const*) PNG.cpp:44
    #4 0x10430c6c8 in prog::Script::save() Script.cpp:74
    #5 0x104309e3c in prog::Script::run() Script.cpp:48
    #6 0x104306d30 in prog::TestDriver::test_script(std::__1::basic_string<char, std::__1::char_traits<char>, std::__1::allocator<char>> const&) test.cpp:43
    #7 0x1042f67cc in prog::TestDriver::run_test(std::__1::basic_string<char, std::__1::char_traits<char>, std::__1::allocator<char>> const&) test.cpp:79
    #8 0x1042ee088 in prog::TestDriver::test_scripts(std::__1::basic_string<char, std::__1::char_traits<char>, std::__1::allocator<char>> const&) test.cpp:165
    #9 0x1042ec4c0 in main test.cpp:186
    #10 0x18f3a7f24  (<unknown module>)

==2206==HINT: if you don't care about these errors you may set allocator_may_return_null=1
SUMMARY: AddressSanitizer: allocation-size-too-big (libclang_rt.asan_osx_dynamic.dylib:arm64e+0x3eca8) in wrap_malloc+0x94
==2206==ABORTING
>>>> [49] to_gray_scale1 <<<<
Executing command 'open' ...
Executing command 'to_gray_scale' ...
Executing command 'save' ...
=================================================================
==2208==ERROR: AddressSanitizer: requested allocation size 0xfffffffffffffffd (0x800 after adjustments for alignment, red zones etc.) exceeds maximum supported size of 0x10000000000 (thread T0)
    #0 0x1047beca8 in wrap_malloc+0x94 (libclang_rt.asan_osx_dynamic.dylib:arm64e+0x3eca8)
    #1 0x10432c594 in stbi_write_png_to_mem stb_image_write.h:1145
    #2 0x104335530 in stbi_write_png stb_image_write.h:1219
    #3 0x10433e908 in prog::saveToPNG(std::__1::basic_string<char, std::__1::char_traits<char>, std::__1::allocator<char>> const&, prog::Image const*) PNG.cpp:44
    #4 0x10430c6c8 in prog::Script::save() Script.cpp:74
    #5 0x104309e3c in prog::Script::run() Script.cpp:48
    #6 0x104306d30 in prog::TestDriver::test_script(std::__1::basic_string<char, std::__1::char_traits<char>, std::__1::allocator<char>> const&) test.cpp:43
    #7 0x1042f67cc in prog::TestDriver::run_test(std::__1::basic_string<char, std::__1::char_traits<char>, std::__1::allocator<char>> const&) test.cpp:79
    #8 0x1042ee088 in prog::TestDriver::test_scripts(std::__1::basic_string<char, std::__1::char_traits<char>, std::__1::allocator<char>> const&) test.cpp:165
    #9 0x1042ec4c0 in main test.cpp:186
    #10 0x18f3a7f24  (<unknown module>)

==2208==HINT: if you don't care about these errors you may set allocator_may_return_null=1
SUMMARY: AddressSanitizer: allocation-size-too-big (libclang_rt.asan_osx_dynamic.dylib:arm64e+0x3eca8) in wrap_malloc+0x94
==2208==ABORTING
>>>> [50] to_gray_scale2 <<<<
Executing command 'open' ...
Executing command 'to_gray_scale' ...
Executing command 'to_gray_scale' ...
Executing command 'save' ...
=================================================================
==2210==ERROR: AddressSanitizer: requested allocation size 0xfffffffffffffffd (0x800 after adjustments for alignment, red zones etc.) exceeds maximum supported size of 0x10000000000 (thread T0)
    #0 0x1047beca8 in wrap_malloc+0x94 (libclang_rt.asan_osx_dynamic.dylib:arm64e+0x3eca8)
    #1 0x10432c594 in stbi_write_png_to_mem stb_image_write.h:1145
    #2 0x104335530 in stbi_write_png stb_image_write.h:1219
    #3 0x10433e908 in prog::saveToPNG(std::__1::basic_string<char, std::__1::char_traits<char>, std::__1::allocator<char>> const&, prog::Image const*) PNG.cpp:44
    #4 0x10430c6c8 in prog::Script::save() Script.cpp:74
    #5 0x104309e3c in prog::Script::run() Script.cpp:48
    #6 0x104306d30 in prog::TestDriver::test_script(std::__1::basic_string<char, std::__1::char_traits<char>, std::__1::allocator<char>> const&) test.cpp:43
    #7 0x1042f67cc in prog::TestDriver::run_test(std::__1::basic_string<char, std::__1::char_traits<char>, std::__1::allocator<char>> const&) test.cpp:79
    #8 0x1042ee088 in prog::TestDriver::test_scripts(std::__1::basic_string<char, std::__1::char_traits<char>, std::__1::allocator<char>> const&) test.cpp:165
    #9 0x1042ec4c0 in main test.cpp:186
    #10 0x18f3a7f24  (<unknown module>)

==2210==HINT: if you don't care about these errors you may set allocator_may_return_null=1
SUMMARY: AddressSanitizer: allocation-size-too-big (libclang_rt.asan_osx_dynamic.dylib:arm64e+0x3eca8) in wrap_malloc+0x94
==2210==ABORTING
>>>> [51] to_gray_scale3 <<<<
Executing command 'open' ...
Executing command 'to_gray_scale' ...
Executing command 'save' ...
=================================================================
==2212==ERROR: AddressSanitizer: requested allocation size 0xfffffffffffffffd (0x800 after adjustments for alignment, red zones etc.) exceeds maximum supported size of 0x10000000000 (thread T0)
    #0 0x1047beca8 in wrap_malloc+0x94 (libclang_rt.asan_osx_dynamic.dylib:arm64e+0x3eca8)
    #1 0x10432c594 in stbi_write_png_to_mem stb_image_write.h:1145
    #2 0x104335530 in stbi_write_png stb_image_write.h:1219
    #3 0x10433e908 in prog::saveToPNG(std::__1::basic_string<char, std::__1::char_traits<char>, std::__1::allocator<char>> const&, prog::Image const*) PNG.cpp:44
    #4 0x10430c6c8 in prog::Script::save() Script.cpp:74
    #5 0x104309e3c in prog::Script::run() Script.cpp:48
    #6 0x104306d30 in prog::TestDriver::test_script(std::__1::basic_string<char, std::__1::char_traits<char>, std::__1::allocator<char>> const&) test.cpp:43
    #7 0x1042f67cc in prog::TestDriver::run_test(std::__1::basic_string<char, std::__1::char_traits<char>, std::__1::allocator<char>> const&) test.cpp:79
    #8 0x1042ee088 in prog::TestDriver::test_scripts(std::__1::basic_string<char, std::__1::char_traits<char>, std::__1::allocator<char>> const&) test.cpp:165
    #9 0x1042ec4c0 in main test.cpp:186
    #10 0x18f3a7f24  (<unknown module>)

==2212==HINT: if you don't care about these errors you may set allocator_may_return_null=1
SUMMARY: AddressSanitizer: allocation-size-too-big (libclang_rt.asan_osx_dynamic.dylib:arm64e+0x3eca8) in wrap_malloc+0x94
==2212==ABORTING
>>>> [52] to_gray_scale4 <<<<
Executing command 'open' ...
Executing command 'to_gray_scale' ...
Executing command 'save' ...
=================================================================
==2214==ERROR: AddressSanitizer: requested allocation size 0xfffffffffffffffd (0x800 after adjustments for alignment, red zones etc.) exceeds maximum supported size of 0x10000000000 (thread T0)
    #0 0x1047beca8 in wrap_malloc+0x94 (libclang_rt.asan_osx_dynamic.dylib:arm64e+0x3eca8)
    #1 0x10432c594 in stbi_write_png_to_mem stb_image_write.h:1145
    #2 0x104335530 in stbi_write_png stb_image_write.h:1219
    #3 0x10433e908 in prog::saveToPNG(std::__1::basic_string<char, std::__1::char_traits<char>, std::__1::allocator<char>> const&, prog::Image const*) PNG.cpp:44
    #4 0x10430c6c8 in prog::Script::save() Script.cpp:74
    #5 0x104309e3c in prog::Script::run() Script.cpp:48
    #6 0x104306d30 in prog::TestDriver::test_script(std::__1::basic_string<char, std::__1::char_traits<char>, std::__1::allocator<char>> const&) test.cpp:43
    #7 0x1042f67cc in prog::TestDriver::run_test(std::__1::basic_string<char, std::__1::char_traits<char>, std::__1::allocator<char>> const&) test.cpp:79
    #8 0x1042ee088 in prog::TestDriver::test_scripts(std::__1::basic_string<char, std::__1::char_traits<char>, std::__1::allocator<char>> const&) test.cpp:165
    #9 0x1042ec4c0 in main test.cpp:186
    #10 0x18f3a7f24  (<unknown module>)

==2214==HINT: if you don't care about these errors you may set allocator_may_return_null=1
SUMMARY: AddressSanitizer: allocation-size-too-big (libclang_rt.asan_osx_dynamic.dylib:arm64e+0x3eca8) in wrap_malloc+0x94
==2214==ABORTING
>>>> [53] v_mirror1 <<<<
Executing command 'open' ...
Executing command 'v_mirror' ...
Executing command 'save' ...
=================================================================
==2216==ERROR: AddressSanitizer: requested allocation size 0xfffffffffffffffd (0x800 after adjustments for alignment, red zones etc.) exceeds maximum supported size of 0x10000000000 (thread T0)
    #0 0x1047beca8 in wrap_malloc+0x94 (libclang_rt.asan_osx_dynamic.dylib:arm64e+0x3eca8)
    #1 0x10432c594 in stbi_write_png_to_mem stb_image_write.h:1145
    #2 0x104335530 in stbi_write_png stb_image_write.h:1219
    #3 0x10433e908 in prog::saveToPNG(std::__1::basic_string<char, std::__1::char_traits<char>, std::__1::allocator<char>> const&, prog::Image const*) PNG.cpp:44
    #4 0x10430c6c8 in prog::Script::save() Script.cpp:74
    #5 0x104309e3c in prog::Script::run() Script.cpp:48
    #6 0x104306d30 in prog::TestDriver::test_script(std::__1::basic_string<char, std::__1::char_traits<char>, std::__1::allocator<char>> const&) test.cpp:43
    #7 0x1042f67cc in prog::TestDriver::run_test(std::__1::basic_string<char, std::__1::char_traits<char>, std::__1::allocator<char>> const&) test.cpp:79
    #8 0x1042ee088 in prog::TestDriver::test_scripts(std::__1::basic_string<char, std::__1::char_traits<char>, std::__1::allocator<char>> const&) test.cpp:165
    #9 0x1042ec4c0 in main test.cpp:186
    #10 0x18f3a7f24  (<unknown module>)

==2216==HINT: if you don't care about these errors you may set allocator_may_return_null=1
SUMMARY: AddressSanitizer: allocation-size-too-big (libclang_rt.asan_osx_dynamic.dylib:arm64e+0x3eca8) in wrap_malloc+0x94
==2216==ABORTING
>>>> [54] v_mirror2 <<<<
Executing command 'open' ...
Executing command 'v_mirror' ...
Executing command 'v_mirror' ...
Executing command 'save' ...
=================================================================
==2218==ERROR: AddressSanitizer: requested allocation size 0xfffffffffffffffd (0x800 after adjustments for alignment, red zones etc.) exceeds maximum supported size of 0x10000000000 (thread T0)
    #0 0x1047beca8 in wrap_malloc+0x94 (libclang_rt.asan_osx_dynamic.dylib:arm64e+0x3eca8)
    #1 0x10432c594 in stbi_write_png_to_mem stb_image_write.h:1145
    #2 0x104335530 in stbi_write_png stb_image_write.h:1219
    #3 0x10433e908 in prog::saveToPNG(std::__1::basic_string<char, std::__1::char_traits<char>, std::__1::allocator<char>> const&, prog::Image const*) PNG.cpp:44
    #4 0x10430c6c8 in prog::Script::save() Script.cpp:74
    #5 0x104309e3c in prog::Script::run() Script.cpp:48
    #6 0x104306d30 in prog::TestDriver::test_script(std::__1::basic_string<char, std::__1::char_traits<char>, std::__1::allocator<char>> const&) test.cpp:43
    #7 0x1042f67cc in prog::TestDriver::run_test(std::__1::basic_string<char, std::__1::char_traits<char>, std::__1::allocator<char>> const&) test.cpp:79
    #8 0x1042ee088 in prog::TestDriver::test_scripts(std::__1::basic_string<char, std::__1::char_traits<char>, std::__1::allocator<char>> const&) test.cpp:165
    #9 0x1042ec4c0 in main test.cpp:186
    #10 0x18f3a7f24  (<unknown module>)

==2218==HINT: if you don't care about these errors you may set allocator_may_return_null=1
SUMMARY: AddressSanitizer: allocation-size-too-big (libclang_rt.asan_osx_dynamic.dylib:arm64e+0x3eca8) in wrap_malloc+0x94
==2218==ABORTING
>>>> [55] v_mirror3 <<<<
Executing command 'open' ...
Executing command 'v_mirror' ...
Executing command 'save' ...
=================================================================
==2220==ERROR: AddressSanitizer: requested allocation size 0xfffffffffffffffd (0x800 after adjustments for alignment, red zones etc.) exceeds maximum supported size of 0x10000000000 (thread T0)
    #0 0x1047beca8 in wrap_malloc+0x94 (libclang_rt.asan_osx_dynamic.dylib:arm64e+0x3eca8)
    #1 0x10432c594 in stbi_write_png_to_mem stb_image_write.h:1145
    #2 0x104335530 in stbi_write_png stb_image_write.h:1219
    #3 0x10433e908 in prog::saveToPNG(std::__1::basic_string<char, std::__1::char_traits<char>, std::__1::allocator<char>> const&, prog::Image const*) PNG.cpp:44
    #4 0x10430c6c8 in prog::Script::save() Script.cpp:74
    #5 0x104309e3c in prog::Script::run() Script.cpp:48
    #6 0x104306d30 in prog::TestDriver::test_script(std::__1::basic_string<char, std::__1::char_traits<char>, std::__1::allocator<char>> const&) test.cpp:43
    #7 0x1042f67cc in prog::TestDriver::run_test(std::__1::basic_string<char, std::__1::char_traits<char>, std::__1::allocator<char>> const&) test.cpp:79
    #8 0x1042ee088 in prog::TestDriver::test_scripts(std::__1::basic_string<char, std::__1::char_traits<char>, std::__1::allocator<char>> const&) test.cpp:165
    #9 0x1042ec4c0 in main test.cpp:186
    #10 0x18f3a7f24  (<unknown module>)

==2220==HINT: if you don't care about these errors you may set allocator_may_return_null=1
SUMMARY: AddressSanitizer: allocation-size-too-big (libclang_rt.asan_osx_dynamic.dylib:arm64e+0x3eca8) in wrap_malloc+0x94
==2220==ABORTING
>>>> [56] v_mirror4 <<<<
Executing command 'open' ...
Executing command 'v_mirror' ...
Executing command 'save' ...
=================================================================
==2222==ERROR: AddressSanitizer: requested allocation size 0xfffffffffffffffd (0x800 after adjustments for alignment, red zones etc.) exceeds maximum supported size of 0x10000000000 (thread T0)
    #0 0x1047beca8 in wrap_malloc+0x94 (libclang_rt.asan_osx_dynamic.dylib:arm64e+0x3eca8)
    #1 0x10432c594 in stbi_write_png_to_mem stb_image_write.h:1145
    #2 0x104335530 in stbi_write_png stb_image_write.h:1219
    #3 0x10433e908 in prog::saveToPNG(std::__1::basic_string<char, std::__1::char_traits<char>, std::__1::allocator<char>> const&, prog::Image const*) PNG.cpp:44
    #4 0x10430c6c8 in prog::Script::save() Script.cpp:74
    #5 0x104309e3c in prog::Script::run() Script.cpp:48
    #6 0x104306d30 in prog::TestDriver::test_script(std::__1::basic_string<char, std::__1::char_traits<char>, std::__1::allocator<char>> const&) test.cpp:43
    #7 0x1042f67cc in prog::TestDriver::run_test(std::__1::basic_string<char, std::__1::char_traits<char>, std::__1::allocator<char>> const&) test.cpp:79
    #8 0x1042ee088 in prog::TestDriver::test_scripts(std::__1::basic_string<char, std::__1::char_traits<char>, std::__1::allocator<char>> const&) test.cpp:165
    #9 0x1042ec4c0 in main test.cpp:186
    #10 0x18f3a7f24  (<unknown module>)

==2222==HINT: if you don't care about these errors you may set allocator_may_return_null=1
SUMMARY: AddressSanitizer: allocation-size-too-big (libclang_rt.asan_osx_dynamic.dylib:arm64e+0x3eca8) in wrap_malloc+0x94
==2222==ABORTING
>>>> [57] xpm2_open1 <<<<
Executing command 'xpm2_open' ...
Executing command 'input/blarg.xpm' ...
Executing command 'save' ...
PNG.cpp:31:24: runtime error: member call on null pointer of type 'prog::Image'
SUMMARY: UndefinedBehaviorSanitizer: undefined-behavior PNG.cpp:31:24 in 
Image.cpp:15:14: runtime error: member call on null pointer of type 'const prog::Image *'
SUMMARY: UndefinedBehaviorSanitizer: undefined-behavior Image.cpp:15:14 in 
PNG.cpp:32:24: runtime error: member call on null pointer of type 'prog::Image'
SUMMARY: UndefinedBehaviorSanitizer: undefined-behavior PNG.cpp:32:24 in 
Image.cpp:11:14: runtime error: member call on null pointer of type 'const prog::Image *'
SUMMARY: UndefinedBehaviorSanitizer: undefined-behavior Image.cpp:11:14 in 
=================================================================
==2224==ERROR: AddressSanitizer: requested allocation size 0xfffffffffffffffd (0x800 after adjustments for alignment, red zones etc.) exceeds maximum supported size of 0x10000000000 (thread T0)
    #0 0x1047beca8 in wrap_malloc+0x94 (libclang_rt.asan_osx_dynamic.dylib:arm64e+0x3eca8)
    #1 0x10432c594 in stbi_write_png_to_mem stb_image_write.h:1145
    #2 0x104335530 in stbi_write_png stb_image_write.h:1219
    #3 0x10433e908 in prog::saveToPNG(std::__1::basic_string<char, std::__1::char_traits<char>, std::__1::allocator<char>> const&, prog::Image const*) PNG.cpp:44
    #4 0x10430c6c8 in prog::Script::save() Script.cpp:74
    #5 0x104309e3c in prog::Script::run() Script.cpp:48
    #6 0x104306d30 in prog::TestDriver::test_script(std::__1::basic_string<char, std::__1::char_traits<char>, std::__1::allocator<char>> const&) test.cpp:43
    #7 0x1042f67cc in prog::TestDriver::run_test(std::__1::basic_string<char, std::__1::char_traits<char>, std::__1::allocator<char>> const&) test.cpp:79
    #8 0x1042ee088 in prog::TestDriver::test_scripts(std::__1::basic_string<char, std::__1::char_traits<char>, std::__1::allocator<char>> const&) test.cpp:165
    #9 0x1042ec4c0 in main test.cpp:186
    #10 0x18f3a7f24  (<unknown module>)

==2224==HINT: if you don't care about these errors you may set allocator_may_return_null=1
SUMMARY: AddressSanitizer: allocation-size-too-big (libclang_rt.asan_osx_dynamic.dylib:arm64e+0x3eca8) in wrap_malloc+0x94
==2224==ABORTING
>>>> [58] xpm2_open2 <<<<
Executing command 'xpm2_open' ...
Executing command 'input/squares.xpm' ...
Executing command 'save' ...
PNG.cpp:31:24: runtime error: member call on null pointer of type 'prog::Image'
SUMMARY: UndefinedBehaviorSanitizer: undefined-behavior PNG.cpp:31:24 in 
Image.cpp:15:14: runtime error: member call on null pointer of type 'const prog::Image *'
SUMMARY: UndefinedBehaviorSanitizer: undefined-behavior Image.cpp:15:14 in 
PNG.cpp:32:24: runtime error: member call on null pointer of type 'prog::Image'
SUMMARY: UndefinedBehaviorSanitizer: undefined-behavior PNG.cpp:32:24 in 
Image.cpp:11:14: runtime error: member call on null pointer of type 'const prog::Image *'
SUMMARY: UndefinedBehaviorSanitizer: undefined-behavior Image.cpp:11:14 in 
=================================================================
==2226==ERROR: AddressSanitizer: requested allocation size 0xfffffffffffffffd (0x800 after adjustments for alignment, red zones etc.) exceeds maximum supported size of 0x10000000000 (thread T0)
    #0 0x1047beca8 in wrap_malloc+0x94 (libclang_rt.asan_osx_dynamic.dylib:arm64e+0x3eca8)
    #1 0x10432c594 in stbi_write_png_to_mem stb_image_write.h:1145
    #2 0x104335530 in stbi_write_png stb_image_write.h:1219
    #3 0x10433e908 in prog::saveToPNG(std::__1::basic_string<char, std::__1::char_traits<char>, std::__1::allocator<char>> const&, prog::Image const*) PNG.cpp:44
    #4 0x10430c6c8 in prog::Script::save() Script.cpp:74
    #5 0x104309e3c in prog::Script::run() Script.cpp:48
    #6 0x104306d30 in prog::TestDriver::test_script(std::__1::basic_string<char, std::__1::char_traits<char>, std::__1::allocator<char>> const&) test.cpp:43
    #7 0x1042f67cc in prog::TestDriver::run_test(std::__1::basic_string<char, std::__1::char_traits<char>, std::__1::allocator<char>> const&) test.cpp:79
    #8 0x1042ee088 in prog::TestDriver::test_scripts(std::__1::basic_string<char, std::__1::char_traits<char>, std::__1::allocator<char>> const&) test.cpp:165
    #9 0x1042ec4c0 in main test.cpp:186
    #10 0x18f3a7f24  (<unknown module>)

==2226==HINT: if you don't care about these errors you may set allocator_may_return_null=1
SUMMARY: AddressSanitizer: allocation-size-too-big (libclang_rt.asan_osx_dynamic.dylib:arm64e+0x3eca8) in wrap_malloc+0x94
==2226==ABORTING
>>>> [59] xpm2_open3 <<<<
Executing command 'xpm2_open' ...
Executing command 'input/tetris.xpm' ...
Executing command 'save' ...
PNG.cpp:31:24: runtime error: member call on null pointer of type 'prog::Image'
SUMMARY: UndefinedBehaviorSanitizer: undefined-behavior PNG.cpp:31:24 in 
Image.cpp:15:14: runtime error: member call on null pointer of type 'const prog::Image *'
SUMMARY: UndefinedBehaviorSanitizer: undefined-behavior Image.cpp:15:14 in 
PNG.cpp:32:24: runtime error: member call on null pointer of type 'prog::Image'
SUMMARY: UndefinedBehaviorSanitizer: undefined-behavior PNG.cpp:32:24 in 
Image.cpp:11:14: runtime error: member call on null pointer of type 'const prog::Image *'
SUMMARY: UndefinedBehaviorSanitizer: undefined-behavior Image.cpp:11:14 in 
=================================================================
==2228==ERROR: AddressSanitizer: requested allocation size 0xfffffffffffffffd (0x800 after adjustments for alignment, red zones etc.) exceeds maximum supported size of 0x10000000000 (thread T0)
    #0 0x1047beca8 in wrap_malloc+0x94 (libclang_rt.asan_osx_dynamic.dylib:arm64e+0x3eca8)
    #1 0x10432c594 in stbi_write_png_to_mem stb_image_write.h:1145
    #2 0x104335530 in stbi_write_png stb_image_write.h:1219
    #3 0x10433e908 in prog::saveToPNG(std::__1::basic_string<char, std::__1::char_traits<char>, std::__1::allocator<char>> const&, prog::Image const*) PNG.cpp:44
    #4 0x10430c6c8 in prog::Script::save() Script.cpp:74
    #5 0x104309e3c in prog::Script::run() Script.cpp:48
    #6 0x104306d30 in prog::TestDriver::test_script(std::__1::basic_string<char, std::__1::char_traits<char>, std::__1::allocator<char>> const&) test.cpp:43
    #7 0x1042f67cc in prog::TestDriver::run_test(std::__1::basic_string<char, std::__1::char_traits<char>, std::__1::allocator<char>> const&) test.cpp:79
    #8 0x1042ee088 in prog::TestDriver::test_scripts(std::__1::basic_string<char, std::__1::char_traits<char>, std::__1::allocator<char>> const&) test.cpp:165
    #9 0x1042ec4c0 in main test.cpp:186
    #10 0x18f3a7f24  (<unknown module>)

==2228==HINT: if you don't care about these errors you may set allocator_may_return_null=1
SUMMARY: AddressSanitizer: allocation-size-too-big (libclang_rt.asan_osx_dynamic.dylib:arm64e+0x3eca8) in wrap_malloc+0x94
==2228==ABORTING
>>>> [60] xpm2_open4 <<<<
Executing command 'xpm2_open' ...
Executing command 'input/mondrian.xpm' ...
Executing command 'save' ...
PNG.cpp:31:24: runtime error: member call on null pointer of type 'prog::Image'
SUMMARY: UndefinedBehaviorSanitizer: undefined-behavior PNG.cpp:31:24 in 
Image.cpp:15:14: runtime error: member call on null pointer of type 'const prog::Image *'
SUMMARY: UndefinedBehaviorSanitizer: undefined-behavior Image.cpp:15:14 in 
PNG.cpp:32:24: runtime error: member call on null pointer of type 'prog::Image'
SUMMARY: UndefinedBehaviorSanitizer: undefined-behavior PNG.cpp:32:24 in 
Image.cpp:11:14: runtime error: member call on null pointer of type 'const prog::Image *'
SUMMARY: UndefinedBehaviorSanitizer: undefined-behavior Image.cpp:11:14 in 
=================================================================
==2230==ERROR: AddressSanitizer: requested allocation size 0xfffffffffffffffd (0x800 after adjustments for alignment, red zones etc.) exceeds maximum supported size of 0x10000000000 (thread T0)
    #0 0x1047beca8 in wrap_malloc+0x94 (libclang_rt.asan_osx_dynamic.dylib:arm64e+0x3eca8)
    #1 0x10432c594 in stbi_write_png_to_mem stb_image_write.h:1145
    #2 0x104335530 in stbi_write_png stb_image_write.h:1219
    #3 0x10433e908 in prog::saveToPNG(std::__1::basic_string<char, std::__1::char_traits<char>, std::__1::allocator<char>> const&, prog::Image const*) PNG.cpp:44
    #4 0x10430c6c8 in prog::Script::save() Script.cpp:74
    #5 0x104309e3c in prog::Script::run() Script.cpp:48
    #6 0x104306d30 in prog::TestDriver::test_script(std::__1::basic_string<char, std::__1::char_traits<char>, std::__1::allocator<char>> const&) test.cpp:43
    #7 0x1042f67cc in prog::TestDriver::run_test(std::__1::basic_string<char, std::__1::char_traits<char>, std::__1::allocator<char>> const&) test.cpp:79
    #8 0x1042ee088 in prog::TestDriver::test_scripts(std::__1::basic_string<char, std::__1::char_traits<char>, std::__1::allocator<char>> const&) test.cpp:165
    #9 0x1042ec4c0 in main test.cpp:186
    #10 0x18f3a7f24  (<unknown module>)

==2230==HINT: if you don't care about these errors you may set allocator_may_return_null=1
SUMMARY: AddressSanitizer: allocation-size-too-big (libclang_rt.asan_osx_dynamic.dylib:arm64e+0x3eca8) in wrap_malloc+0x94
==2230==ABORTING
>>>> [61] xpm2_open5 <<<<
Executing command 'xpm2_open' ...
Executing command 'input/lion.xpm' ...
Executing command 'save' ...
PNG.cpp:31:24: runtime error: member call on null pointer of type 'prog::Image'
SUMMARY: UndefinedBehaviorSanitizer: undefined-behavior PNG.cpp:31:24 in 
Image.cpp:15:14: runtime error: member call on null pointer of type 'const prog::Image *'
SUMMARY: UndefinedBehaviorSanitizer: undefined-behavior Image.cpp:15:14 in 
PNG.cpp:32:24: runtime error: member call on null pointer of type 'prog::Image'
SUMMARY: UndefinedBehaviorSanitizer: undefined-behavior PNG.cpp:32:24 in 
Image.cpp:11:14: runtime error: member call on null pointer of type 'const prog::Image *'
SUMMARY: UndefinedBehaviorSanitizer: undefined-behavior Image.cpp:11:14 in 
=================================================================
==2232==ERROR: AddressSanitizer: requested allocation size 0xfffffffffffffffd (0x800 after adjustments for alignment, red zones etc.) exceeds maximum supported size of 0x10000000000 (thread T0)
    #0 0x1047beca8 in wrap_malloc+0x94 (libclang_rt.asan_osx_dynamic.dylib:arm64e+0x3eca8)
    #1 0x10432c594 in stbi_write_png_to_mem stb_image_write.h:1145
    #2 0x104335530 in stbi_write_png stb_image_write.h:1219
    #3 0x10433e908 in prog::saveToPNG(std::__1::basic_string<char, std::__1::char_traits<char>, std::__1::allocator<char>> const&, prog::Image const*) PNG.cpp:44
    #4 0x10430c6c8 in prog::Script::save() Script.cpp:74
    #5 0x104309e3c in prog::Script::run() Script.cpp:48
    #6 0x104306d30 in prog::TestDriver::test_script(std::__1::basic_string<char, std::__1::char_traits<char>, std::__1::allocator<char>> const&) test.cpp:43
    #7 0x1042f67cc in prog::TestDriver::run_test(std::__1::basic_string<char, std::__1::char_traits<char>, std::__1::allocator<char>> const&) test.cpp:79
    #8 0x1042ee088 in prog::TestDriver::test_scripts(std::__1::basic_string<char, std::__1::char_traits<char>, std::__1::allocator<char>> const&) test.cpp:165
    #9 0x1042ec4c0 in main test.cpp:186
    #10 0x18f3a7f24  (<unknown module>)

==2232==HINT: if you don't care about these errors you may set allocator_may_return_null=1
SUMMARY: AddressSanitizer: allocation-size-too-big (libclang_rt.asan_osx_dynamic.dylib:arm64e+0x3eca8) in wrap_malloc+0x94
==2232==ABORTING
>>>> [62] xpm2_save1 <<<<
Executing command 'open' ...
Executing command 'xpm2_save' ...
Executing command 'output/xpm2_save1.xpm' ...
Executing command 'blank' ...
Executing command 'xpm2_open' ...
Executing command 'output/xpm2_save1.xpm' ...
Executing command 'save' ...
=================================================================
==2234==ERROR: AddressSanitizer: requested allocation size 0xfffffffffffffffd (0x800 after adjustments for alignment, red zones etc.) exceeds maximum supported size of 0x10000000000 (thread T0)
    #0 0x1047beca8 in wrap_malloc+0x94 (libclang_rt.asan_osx_dynamic.dylib:arm64e+0x3eca8)
    #1 0x10432c594 in stbi_write_png_to_mem stb_image_write.h:1145
    #2 0x104335530 in stbi_write_png stb_image_write.h:1219
    #3 0x10433e908 in prog::saveToPNG(std::__1::basic_string<char, std::__1::char_traits<char>, std::__1::allocator<char>> const&, prog::Image const*) PNG.cpp:44
    #4 0x10430c6c8 in prog::Script::save() Script.cpp:74
    #5 0x104309e3c in prog::Script::run() Script.cpp:48
    #6 0x104306d30 in prog::TestDriver::test_script(std::__1::basic_string<char, std::__1::char_traits<char>, std::__1::allocator<char>> const&) test.cpp:43
    #7 0x1042f67cc in prog::TestDriver::run_test(std::__1::basic_string<char, std::__1::char_traits<char>, std::__1::allocator<char>> const&) test.cpp:79
    #8 0x1042ee088 in prog::TestDriver::test_scripts(std::__1::basic_string<char, std::__1::char_traits<char>, std::__1::allocator<char>> const&) test.cpp:165
    #9 0x1042ec4c0 in main test.cpp:186
    #10 0x18f3a7f24  (<unknown module>)

==2234==HINT: if you don't care about these errors you may set allocator_may_return_null=1
SUMMARY: AddressSanitizer: allocation-size-too-big (libclang_rt.asan_osx_dynamic.dylib:arm64e+0x3eca8) in wrap_malloc+0x94
==2234==ABORTING
>>>> [63] xpm2_save2 <<<<
Executing command 'open' ...
Executing command 'xpm2_save' ...
Executing command 'output/xpm2_save2.xpm' ...
Executing command 'blank' ...
Executing command 'xpm2_open' ...
Executing command 'output/xpm2_save2.xpm' ...
Executing command 'save' ...
=================================================================
==2236==ERROR: AddressSanitizer: requested allocation size 0xfffffffffffffffd (0x800 after adjustments for alignment, red zones etc.) exceeds maximum supported size of 0x10000000000 (thread T0)
    #0 0x1047beca8 in wrap_malloc+0x94 (libclang_rt.asan_osx_dynamic.dylib:arm64e+0x3eca8)
    #1 0x10432c594 in stbi_write_png_to_mem stb_image_write.h:1145
    #2 0x104335530 in stbi_write_png stb_image_write.h:1219
    #3 0x10433e908 in prog::saveToPNG(std::__1::basic_string<char, std::__1::char_traits<char>, std::__1::allocator<char>> const&, prog::Image const*) PNG.cpp:44
    #4 0x10430c6c8 in prog::Script::save() Script.cpp:74
    #5 0x104309e3c in prog::Script::run() Script.cpp:48
    #6 0x104306d30 in prog::TestDriver::test_script(std::__1::basic_string<char, std::__1::char_traits<char>, std::__1::allocator<char>> const&) test.cpp:43
    #7 0x1042f67cc in prog::TestDriver::run_test(std::__1::basic_string<char, std::__1::char_traits<char>, std::__1::allocator<char>> const&) test.cpp:79
    #8 0x1042ee088 in prog::TestDriver::test_scripts(std::__1::basic_string<char, std::__1::char_traits<char>, std::__1::allocator<char>> const&) test.cpp:165
    #9 0x1042ec4c0 in main test.cpp:186
    #10 0x18f3a7f24  (<unknown module>)

==2236==HINT: if you don't care about these errors you may set allocator_may_return_null=1
SUMMARY: AddressSanitizer: allocation-size-too-big (libclang_rt.asan_osx_dynamic.dylib:arm64e+0x3eca8) in wrap_malloc+0x94
==2236==ABORTING
>>>> [64] xpm2_save3 <<<<
Executing command 'open' ...
Executing command 'xpm2_save' ...
Executing command 'output/xpm2_save3.xpm' ...
Executing command 'blank' ...
Executing command 'xpm2_open' ...
Executing command 'output/xpm2_save3.xpm' ...
Executing command 'save' ...
=================================================================
==2238==ERROR: AddressSanitizer: requested allocation size 0xfffffffffffffffd (0x800 after adjustments for alignment, red zones etc.) exceeds maximum supported size of 0x10000000000 (thread T0)
    #0 0x1047beca8 in wrap_malloc+0x94 (libclang_rt.asan_osx_dynamic.dylib:arm64e+0x3eca8)
    #1 0x10432c594 in stbi_write_png_to_mem stb_image_write.h:1145
    #2 0x104335530 in stbi_write_png stb_image_write.h:1219
    #3 0x10433e908 in prog::saveToPNG(std::__1::basic_string<char, std::__1::char_traits<char>, std::__1::allocator<char>> const&, prog::Image const*) PNG.cpp:44
    #4 0x10430c6c8 in prog::Script::save() Script.cpp:74
    #5 0x104309e3c in prog::Script::run() Script.cpp:48
    #6 0x104306d30 in prog::TestDriver::test_script(std::__1::basic_string<char, std::__1::char_traits<char>, std::__1::allocator<char>> const&) test.cpp:43
    #7 0x1042f67cc in prog::TestDriver::run_test(std::__1::basic_string<char, std::__1::char_traits<char>, std::__1::allocator<char>> const&) test.cpp:79
    #8 0x1042ee088 in prog::TestDriver::test_scripts(std::__1::basic_string<char, std::__1::char_traits<char>, std::__1::allocator<char>> const&) test.cpp:165
    #9 0x1042ec4c0 in main test.cpp:186
    #10 0x18f3a7f24  (<unknown module>)

==2238==HINT: if you don't care about these errors you may set allocator_may_return_null=1
SUMMARY: AddressSanitizer: allocation-size-too-big (libclang_rt.asan_osx_dynamic.dylib:arm64e+0x3eca8) in wrap_malloc+0x94
==2238==ABORTING
>>>> [65] xpm2_save4 <<<<
Executing command 'open' ...
Executing command 'xpm2_save' ...
Executing command 'output/xpm2_save4.xpm' ...
Executing command 'blank' ...
Executing command 'xpm2_open' ...
Executing command 'output/xpm2_save4.xpm' ...
Executing command 'save' ...
=================================================================
==2240==ERROR: AddressSanitizer: requested allocation size 0xfffffffffffffffd (0x800 after adjustments for alignment, red zones etc.) exceeds maximum supported size of 0x10000000000 (thread T0)
    #0 0x1047beca8 in wrap_malloc+0x94 (libclang_rt.asan_osx_dynamic.dylib:arm64e+0x3eca8)
    #1 0x10432c594 in stbi_write_png_to_mem stb_image_write.h:1145
    #2 0x104335530 in stbi_write_png stb_image_write.h:1219
    #3 0x10433e908 in prog::saveToPNG(std::__1::basic_string<char, std::__1::char_traits<char>, std::__1::allocator<char>> const&, prog::Image const*) PNG.cpp:44
    #4 0x10430c6c8 in prog::Script::save() Script.cpp:74
    #5 0x104309e3c in prog::Script::run() Script.cpp:48
    #6 0x104306d30 in prog::TestDriver::test_script(std::__1::basic_string<char, std::__1::char_traits<char>, std::__1::allocator<char>> const&) test.cpp:43
    #7 0x1042f67cc in prog::TestDriver::run_test(std::__1::basic_string<char, std::__1::char_traits<char>, std::__1::allocator<char>> const&) test.cpp:79
    #8 0x1042ee088 in prog::TestDriver::test_scripts(std::__1::basic_string<char, std::__1::char_traits<char>, std::__1::allocator<char>> const&) test.cpp:165
    #9 0x1042ec4c0 in main test.cpp:186
    #10 0x18f3a7f24  (<unknown module>)

==2240==HINT: if you don't care about these errors you may set allocator_may_return_null=1
SUMMARY: AddressSanitizer: allocation-size-too-big (libclang_rt.asan_osx_dynamic.dylib:arm64e+0x3eca8) in wrap_malloc+0x94
==2240==ABORTING
>>>> [66] xpm2_save5 <<<<
Executing command 'open' ...
Executing command 'xpm2_save' ...
Executing command 'output/xpm2_save5.xpm' ...
Executing command 'blank' ...
Executing command 'xpm2_open' ...
Executing command 'output/xpm2_save5.xpm' ...
Executing command 'save' ...
=================================================================
==2242==ERROR: AddressSanitizer: requested allocation size 0xfffffffffffffffd (0x800 after adjustments for alignment, red zones etc.) exceeds maximum supported size of 0x10000000000 (thread T0)
    #0 0x1047beca8 in wrap_malloc+0x94 (libclang_rt.asan_osx_dynamic.dylib:arm64e+0x3eca8)
    #1 0x10432c594 in stbi_write_png_to_mem stb_image_write.h:1145
    #2 0x104335530 in stbi_write_png stb_image_write.h:1219
    #3 0x10433e908 in prog::saveToPNG(std::__1::basic_string<char, std::__1::char_traits<char>, std::__1::allocator<char>> const&, prog::Image const*) PNG.cpp:44
    #4 0x10430c6c8 in prog::Script::save() Script.cpp:74
    #5 0x104309e3c in prog::Script::run() Script.cpp:48
    #6 0x104306d30 in prog::TestDriver::test_script(std::__1::basic_string<char, std::__1::char_traits<char>, std::__1::allocator<char>> const&) test.cpp:43
    #7 0x1042f67cc in prog::TestDriver::run_test(std::__1::basic_string<char, std::__1::char_traits<char>, std::__1::allocator<char>> const&) test.cpp:79
    #8 0x1042ee088 in prog::TestDriver::test_scripts(std::__1::basic_string<char, std::__1::char_traits<char>, std::__1::allocator<char>> const&) test.cpp:165
    #9 0x1042ec4c0 in main test.cpp:186
    #10 0x18f3a7f24  (<unknown module>)

==2242==HINT: if you don't care about these errors you may set allocator_may_return_null=1
SUMMARY: AddressSanitizer: allocation-size-too-big (libclang_rt.asan_osx_dynamic.dylib:arm64e+0x3eca8) in wrap_malloc+0x94
==2242==ABORTING
